[2022-10-31T12:31:16.887+0100][0.008s] CardTable entry size: 512
[2022-10-31T12:31:16.887+0100][0.008s] Using G1
[2022-10-31T12:31:17.227+0100][0.348s] Version: 18+36-2087 (release)
[2022-10-31T12:31:17.228+0100][0.349s] CPUs: 8 total, 8 available
[2022-10-31T12:31:17.228+0100][0.349s] Memory: 13915M
[2022-10-31T12:31:17.228+0100][0.349s] Large Page Support: Disabled
[2022-10-31T12:31:17.228+0100][0.349s] NUMA Support: Disabled
[2022-10-31T12:31:17.228+0100][0.349s] Compressed Oops: Enabled (32-bit)
[2022-10-31T12:31:17.228+0100][0.349s] Heap Region Size: 1M
[2022-10-31T12:31:17.228+0100][0.349s] Heap Min Capacity: 512M
[2022-10-31T12:31:17.228+0100][0.349s] Heap Initial Capacity: 512M
[2022-10-31T12:31:17.228+0100][0.349s] Heap Max Capacity: 512M
[2022-10-31T12:31:17.228+0100][0.349s] Pre-touch: Enabled
[2022-10-31T12:31:17.228+0100][0.349s] Parallel Workers: 8
[2022-10-31T12:31:17.228+0100][0.349s] Concurrent Workers: 2
[2022-10-31T12:31:17.228+0100][0.349s] Concurrent Refinement Workers: 8
[2022-10-31T12:31:17.228+0100][0.349s] Periodic GC: Disabled
[2022-10-31T12:31:17.228+0100][0.349s] CDS archive(s) mapped at: [0x0000000800000000-0x0000000800bae000-0x0000000800bae000), size 12247040, SharedBaseAddress: 0x0000000800000000, ArchiveRelocationMode: 0.
[2022-10-31T12:31:17.228+0100][0.349s] Compressed class space mapped at: 0x0000000800c00000-0x0000000840c00000, reserved size: 1073741824
[2022-10-31T12:31:17.228+0100][0.349s] Narrow klass base: 0x0000000800000000, Narrow klass shift: 0, Narrow klass range: 0x100000000
[2022-10-31T12:31:18.576+0100][1,697s] GC(0) Pause Young (Normal) (G1 Evacuation Pause)
[2022-10-31T12:31:18.576+0100][1,697s] GC(0) Using 8 workers of 8 for evacuation
[2022-10-31T12:31:18.580+0100][1,702s] GC(0)   Pre Evacuate Collection Set: 0,1ms
[2022-10-31T12:31:18.581+0100][1,702s] GC(0)   Merge Heap Roots: 0,1ms
[2022-10-31T12:31:18.581+0100][1,702s] GC(0)   Evacuate Collection Set: 3,1ms
[2022-10-31T12:31:18.581+0100][1,702s] GC(0)   Post Evacuate Collection Set: 1,0ms
[2022-10-31T12:31:18.581+0100][1,702s] GC(0)   Other: 0,1ms
[2022-10-31T12:31:18.581+0100][1,702s] GC(0) Eden regions: 29->0(65)
[2022-10-31T12:31:18.581+0100][1,702s] GC(0) Survivor regions: 0->4(4)
[2022-10-31T12:31:18.581+0100][1,702s] GC(0) Old regions: 0->2
[2022-10-31T12:31:18.581+0100][1,702s] GC(0) Archive regions: 2->2
[2022-10-31T12:31:18.581+0100][1,702s] GC(0) Humongous regions: 4->4
[2022-10-31T12:31:18.581+0100][1,702s] GC(0) Metaspace: 9744K(10048K)->9744K(10048K) NonClass: 8625K(8768K)->8625K(8768K) Class: 1119K(1280K)->1119K(1280K)
[2022-10-31T12:31:18.581+0100][1,702s] GC(0) Pause Young (Normal) (G1 Evacuation Pause) 33M->10M(512M) 4,805ms
[2022-10-31T12:31:18.581+0100][1,702s] GC(0) User=0,02s Sys=0,00s Real=0,00s
[2022-10-31T12:31:19.612+0100][2,733s] GC(1) Pause Young (Normal) (G1 Evacuation Pause)
[2022-10-31T12:31:19.612+0100][2,733s] GC(1) Using 8 workers of 8 for evacuation
[2022-10-31T12:31:19.620+0100][2,741s] GC(1)   Pre Evacuate Collection Set: 0,1ms
[2022-10-31T12:31:19.620+0100][2,741s] GC(1)   Merge Heap Roots: 0,1ms
[2022-10-31T12:31:19.620+0100][2,741s] GC(1)   Evacuate Collection Set: 6,4ms
[2022-10-31T12:31:19.620+0100][2,741s] GC(1)   Post Evacuate Collection Set: 1,5ms
[2022-10-31T12:31:19.620+0100][2,741s] GC(1)   Other: 0,1ms
[2022-10-31T12:31:19.620+0100][2,741s] GC(1) Eden regions: 52->0(62)
[2022-10-31T12:31:19.620+0100][2,742s] GC(1) Survivor regions: 4->7(7)
[2022-10-31T12:31:19.620+0100][2,742s] GC(1) Old regions: 2->12
[2022-10-31T12:31:19.621+0100][2,742s] GC(1) Archive regions: 2->2
[2022-10-31T12:31:19.621+0100][2,742s] GC(1) Humongous regions: 4->4
[2022-10-31T12:31:19.621+0100][2,742s] GC(1) Metaspace: 17122K(17472K)->17122K(17472K) NonClass: 15185K(15360K)->15185K(15360K) Class: 1937K(2112K)->1937K(2112K)
[2022-10-31T12:31:19.621+0100][2,742s] GC(1) Pause Young (Normal) (G1 Evacuation Pause) 62M->22M(512M) 8,428ms
[2022-10-31T12:31:19.621+0100][2,742s] GC(1) User=0,05s Sys=0,00s Real=0,00s
[2022-10-31T12:31:19.836+0100][2,957s] GC(2) Pause Young (Concurrent Start) (Metadata GC Threshold)
[2022-10-31T12:31:19.836+0100][2,957s] GC(2) Using 8 workers of 8 for evacuation
[2022-10-31T12:31:19.840+0100][2,961s] GC(2)   Pre Evacuate Collection Set: 0,2ms
[2022-10-31T12:31:19.840+0100][2,961s] GC(2)   Merge Heap Roots: 0,1ms
[2022-10-31T12:31:19.840+0100][2,961s] GC(2)   Evacuate Collection Set: 2,6ms
[2022-10-31T12:31:19.840+0100][2,961s] GC(2)   Post Evacuate Collection Set: 0,8ms
[2022-10-31T12:31:19.840+0100][2,961s] GC(2)   Other: 0,2ms
[2022-10-31T12:31:19.840+0100][2,961s] GC(2) Eden regions: 19->0(75)
[2022-10-31T12:31:19.840+0100][2,961s] GC(2) Survivor regions: 7->1(9)
[2022-10-31T12:31:19.840+0100][2,961s] GC(2) Old regions: 12->19
[2022-10-31T12:31:19.840+0100][2,961s] GC(2) Archive regions: 2->2
[2022-10-31T12:31:19.840+0100][2,962s] GC(2) Humongous regions: 4->4
[2022-10-31T12:31:19.841+0100][2,962s] GC(2) Metaspace: 21133K(21504K)->21133K(21504K) NonClass: 18791K(19008K)->18791K(19008K) Class: 2341K(2496K)->2341K(2496K)
[2022-10-31T12:31:19.841+0100][2,962s] GC(2) Pause Young (Concurrent Start) (Metadata GC Threshold) 41M->24M(512M) 4,279ms
[2022-10-31T12:31:19.841+0100][2,962s] GC(2) User=0,02s Sys=0,00s Real=0,00s
[2022-10-31T12:31:19.841+0100][2,962s] GC(3) Concurrent Mark Cycle
[2022-10-31T12:31:19.841+0100][2,962s] GC(3) Concurrent Clear Claimed Marks
[2022-10-31T12:31:19.841+0100][2,962s] GC(3) Concurrent Clear Claimed Marks 0,053ms
[2022-10-31T12:31:19.841+0100][2,962s] GC(3) Concurrent Scan Root Regions
[2022-10-31T12:31:19.844+0100][2,966s] GC(3) Concurrent Scan Root Regions 3,688ms
[2022-10-31T12:31:19.845+0100][2,966s] GC(3) Concurrent Mark
[2022-10-31T12:31:19.845+0100][2,966s] GC(3) Concurrent Mark From Roots
[2022-10-31T12:31:19.845+0100][2,966s] GC(3) Using 2 workers of 2 for marking
[2022-10-31T12:31:19.871+0100][2,992s] GC(3) Concurrent Mark From Roots 25,950ms
[2022-10-31T12:31:19.871+0100][2,992s] GC(3) Concurrent Preclean
[2022-10-31T12:31:19.871+0100][2,992s] GC(3) Concurrent Preclean 0,157ms
[2022-10-31T12:31:19.871+0100][2,992s] GC(3) Pause Remark
[2022-10-31T12:31:19.874+0100][2,996s] GC(3) Pause Remark 26M->26M(512M) 3,422ms
[2022-10-31T12:31:19.875+0100][2,996s] GC(3) User=0,01s Sys=0,00s Real=0,00s
[2022-10-31T12:31:19.875+0100][2,996s] GC(3) Concurrent Mark 30,110ms
[2022-10-31T12:31:19.875+0100][2,996s] GC(3) Concurrent Rebuild Remembered Sets
[2022-10-31T12:31:19.884+0100][3,005s] GC(3) Concurrent Rebuild Remembered Sets 8,875ms
[2022-10-31T12:31:19.884+0100][3,005s] GC(3) Pause Cleanup
[2022-10-31T12:31:19.884+0100][3,005s] GC(3) Pause Cleanup 27M->27M(512M) 0,347ms
[2022-10-31T12:31:19.884+0100][3,005s] GC(3) User=0,00s Sys=0,00s Real=0,00s
[2022-10-31T12:31:19.884+0100][3,005s] GC(3) Concurrent Cleanup for Next Mark
[2022-10-31T12:31:19.886+0100][3,007s] GC(3) Concurrent Cleanup for Next Mark 1,519ms
[2022-10-31T12:31:19.886+0100][3,007s] GC(3) Concurrent Mark Cycle 45,345ms
[2022-10-31T12:31:21.276+0100][4,397s] GC(4) Pause Young (Prepare Mixed) (G1 Evacuation Pause)
[2022-10-31T12:31:21.276+0100][4,397s] GC(4) Using 8 workers of 8 for evacuation
[2022-10-31T12:31:21.281+0100][4,402s] GC(4)   Pre Evacuate Collection Set: 0,1ms
[2022-10-31T12:31:21.281+0100][4,403s] GC(4)   Merge Heap Roots: 0,1ms
[2022-10-31T12:31:21.282+0100][4,403s] GC(4)   Evacuate Collection Set: 4,1ms
[2022-10-31T12:31:21.282+0100][4,403s] GC(4)   Post Evacuate Collection Set: 0,9ms
[2022-10-31T12:31:21.282+0100][4,403s] GC(4)   Other: 0,1ms
[2022-10-31T12:31:21.282+0100][4,403s] GC(4) Eden regions: 75->0(15)
[2022-10-31T12:31:21.282+0100][4,403s] GC(4) Survivor regions: 1->10(10)
[2022-10-31T12:31:21.282+0100][4,403s] GC(4) Old regions: 19->19
[2022-10-31T12:31:21.282+0100][4,403s] GC(4) Archive regions: 2->2
[2022-10-31T12:31:21.282+0100][4,403s] GC(4) Humongous regions: 6->5
[2022-10-31T12:31:21.282+0100][4,403s] GC(4) Metaspace: 32457K(32832K)->32457K(32832K) NonClass: 28800K(28992K)->28800K(28992K) Class: 3656K(3840K)->3656K(3840K)
[2022-10-31T12:31:21.282+0100][4,403s] GC(4) Pause Young (Prepare Mixed) (G1 Evacuation Pause) 101M->34M(512M) 5,511ms
[2022-10-31T12:31:21.282+0100][4,403s] GC(4) User=0,03s Sys=0,01s Real=0,01s
[2022-10-31T12:31:21.478+0100][4,599s] GC(5) Pause Young (Mixed) (G1 Evacuation Pause)
[2022-10-31T12:31:21.478+0100][4,599s] GC(5) Using 8 workers of 8 for evacuation
[2022-10-31T12:31:21.485+0100][4,606s] GC(5)   Pre Evacuate Collection Set: 0,1ms
[2022-10-31T12:31:21.485+0100][4,606s] GC(5)   Merge Heap Roots: 0,1ms
[2022-10-31T12:31:21.485+0100][4,606s] GC(5)   Evacuate Collection Set: 5,5ms
[2022-10-31T12:31:21.485+0100][4,606s] GC(5)   Post Evacuate Collection Set: 1,3ms
[2022-10-31T12:31:21.485+0100][4,606s] GC(5)   Other: 0,1ms
[2022-10-31T12:31:21.485+0100][4,606s] GC(5) Eden regions: 15->0(304)
[2022-10-31T12:31:21.485+0100][4,606s] GC(5) Survivor regions: 10->3(4)
[2022-10-31T12:31:21.485+0100][4,606s] GC(5) Old regions: 19->27
[2022-10-31T12:31:21.485+0100][4,606s] GC(5) Archive regions: 2->2
[2022-10-31T12:31:21.485+0100][4,606s] GC(5) Humongous regions: 6->5
[2022-10-31T12:31:21.485+0100][4,606s] GC(5) Metaspace: 34235K(34624K)->34235K(34624K) NonClass: 30325K(30528K)->30325K(30528K) Class: 3909K(4096K)->3909K(4096K)
[2022-10-31T12:31:21.486+0100][4,607s] GC(5) Pause Young (Mixed) (G1 Evacuation Pause) 50M->35M(512M) 7,671ms
[2022-10-31T12:31:21.486+0100][4,607s] GC(5) User=0,03s Sys=0,01s Real=0,01s
[2022-10-31T12:31:21.797+0100][4,918s] GC(6) Pause Young (Concurrent Start) (Metadata GC Threshold)
[2022-10-31T12:31:21.797+0100][4,918s] GC(6) Using 8 workers of 8 for evacuation
[2022-10-31T12:31:21.800+0100][4,921s] GC(6)   Pre Evacuate Collection Set: 0,2ms
[2022-10-31T12:31:21.800+0100][4,921s] GC(6)   Merge Heap Roots: 0,1ms
[2022-10-31T12:31:21.800+0100][4,921s] GC(6)   Evacuate Collection Set: 2,1ms
[2022-10-31T12:31:21.800+0100][4,921s] GC(6)   Post Evacuate Collection Set: 0,9ms
[2022-10-31T12:31:21.800+0100][4,921s] GC(6)   Other: 0,2ms
[2022-10-31T12:31:21.800+0100][4,921s] GC(6) Eden regions: 140->0(302)
[2022-10-31T12:31:21.800+0100][4,921s] GC(6) Survivor regions: 3->5(39)
[2022-10-31T12:31:21.800+0100][4,921s] GC(6) Old regions: 27->27
[2022-10-31T12:31:21.800+0100][4,921s] GC(6) Archive regions: 2->2
[2022-10-31T12:31:21.800+0100][4,921s] GC(6) Humongous regions: 5->5
[2022-10-31T12:31:21.800+0100][4,921s] GC(6) Metaspace: 36171K(36608K)->36171K(36608K) NonClass: 32060K(32256K)->32060K(32256K) Class: 4111K(4352K)->4111K(4352K)
[2022-10-31T12:31:21.800+0100][4,921s] GC(6) Pause Young (Concurrent Start) (Metadata GC Threshold) 174M->36M(512M) 3,671ms
[2022-10-31T12:31:21.800+0100][4,921s] GC(6) User=0,02s Sys=0,00s Real=0,00s
[2022-10-31T12:31:21.800+0100][4,921s] GC(7) Concurrent Mark Cycle
[2022-10-31T12:31:21.800+0100][4,922s] GC(7) Concurrent Clear Claimed Marks
[2022-10-31T12:31:21.801+0100][4,922s] GC(7) Concurrent Clear Claimed Marks 0,053ms
[2022-10-31T12:31:21.801+0100][4,922s] GC(7) Concurrent Scan Root Regions
[2022-10-31T12:31:21.802+0100][4,923s] GC(7) Concurrent Scan Root Regions 1,532ms
[2022-10-31T12:31:21.802+0100][4,923s] GC(7) Concurrent Mark
[2022-10-31T12:31:21.802+0100][4,923s] GC(7) Concurrent Mark From Roots
[2022-10-31T12:31:21.802+0100][4,923s] GC(7) Using 2 workers of 2 for marking
[2022-10-31T12:31:21.824+0100][4,945s] GC(7) Concurrent Mark From Roots 21,844ms
[2022-10-31T12:31:21.824+0100][4,945s] GC(7) Concurrent Preclean
[2022-10-31T12:31:21.824+0100][4,945s] GC(7) Concurrent Preclean 0,176ms
[2022-10-31T12:31:21.825+0100][4,946s] GC(7) Pause Remark
[2022-10-31T12:31:21.827+0100][4,948s] GC(7) Pause Remark 44M->44M(512M) 2,697ms
[2022-10-31T12:31:21.827+0100][4,948s] GC(7) User=0,02s Sys=0,00s Real=0,00s
[2022-10-31T12:31:21.827+0100][4,948s] GC(7) Concurrent Mark 25,191ms
[2022-10-31T12:31:21.827+0100][4,948s] GC(7) Concurrent Rebuild Remembered Sets
[2022-10-31T12:31:21.838+0100][4,959s] GC(7) Concurrent Rebuild Remembered Sets 10,693ms
[2022-10-31T12:31:21.838+0100][4,959s] GC(7) Pause Cleanup
[2022-10-31T12:31:21.838+0100][4,959s] GC(7) Pause Cleanup 44M->44M(512M) 0,120ms
[2022-10-31T12:31:21.838+0100][4,959s] GC(7) User=0,00s Sys=0,00s Real=0,00s
[2022-10-31T12:31:21.838+0100][4,959s] GC(7) Concurrent Cleanup for Next Mark
[2022-10-31T12:31:21.839+0100][4,960s] GC(7) Concurrent Cleanup for Next Mark 0,745ms
[2022-10-31T12:31:21.839+0100][4,960s] GC(7) Concurrent Mark Cycle 38,751ms
[2022-10-31T17:09:03.297+0100][16145,627s] GC(8) Pause Young (Normal) (G1 Evacuation Pause)
[2022-10-31T17:09:03.298+0100][16145,627s] GC(8) Using 8 workers of 8 for evacuation
[2022-10-31T17:09:03.314+0100][16145,643s] GC(8)   Pre Evacuate Collection Set: 0,2ms
[2022-10-31T17:09:03.314+0100][16145,643s] GC(8)   Merge Heap Roots: 0,2ms
[2022-10-31T17:09:03.314+0100][16145,643s] GC(8)   Evacuate Collection Set: 13,5ms
[2022-10-31T17:09:03.314+0100][16145,643s] GC(8)   Post Evacuate Collection Set: 2,0ms
[2022-10-31T17:09:03.314+0100][16145,643s] GC(8)   Other: 0,4ms
[2022-10-31T17:09:03.314+0100][16145,643s] GC(8) Eden regions: 302->0(289)
[2022-10-31T17:09:03.314+0100][16145,643s] GC(8) Survivor regions: 5->18(39)
[2022-10-31T17:09:03.314+0100][16145,643s] GC(8) Old regions: 27->27
[2022-10-31T17:09:03.314+0100][16145,643s] GC(8) Archive regions: 2->2
[2022-10-31T17:09:03.314+0100][16145,643s] GC(8) Humongous regions: 8->8
[2022-10-31T17:09:03.315+0100][16145,644s] GC(8) Metaspace: 48978K(49472K)->48978K(49472K) NonClass: 43424K(43648K)->43424K(43648K) Class: 5554K(5824K)->5554K(5824K)
[2022-10-31T17:09:03.315+0100][16145,644s] GC(8) Pause Young (Normal) (G1 Evacuation Pause) 341M->52M(512M) 19,339ms
[2022-10-31T17:09:03.315+0100][16145,644s] GC(8) User=0,09s Sys=0,00s Real=0,02s
