[2022-10-26T12:01:15.649+0200][0.012s] CardTable entry size: 512
[2022-10-26T12:01:15.649+0200][0.013s] Using G1
[2022-10-26T12:01:19.261+0200][3.625s] Version: 18+36-2087 (release)
[2022-10-26T12:01:19.269+0200][3.633s] CPUs: 8 total, 8 available
[2022-10-26T12:01:19.273+0200][3.636s] Memory: 13915M
[2022-10-26T12:01:19.273+0200][3.636s] Large Page Support: Disabled
[2022-10-26T12:01:19.273+0200][3.636s] NUMA Support: Disabled
[2022-10-26T12:01:19.273+0200][3.636s] Compressed Oops: Enabled (32-bit)
[2022-10-26T12:01:19.273+0200][3.636s] Heap Region Size: 1M
[2022-10-26T12:01:19.273+0200][3.636s] Heap Min Capacity: 512M
[2022-10-26T12:01:19.273+0200][3.637s] Heap Initial Capacity: 512M
[2022-10-26T12:01:19.273+0200][3.637s] Heap Max Capacity: 512M
[2022-10-26T12:01:19.273+0200][3.637s] Pre-touch: Enabled
[2022-10-26T12:01:19.273+0200][3.637s] Parallel Workers: 8
[2022-10-26T12:01:19.273+0200][3.637s] Concurrent Workers: 2
[2022-10-26T12:01:19.273+0200][3.637s] Concurrent Refinement Workers: 8
[2022-10-26T12:01:19.273+0200][3.637s] Periodic GC: Disabled
[2022-10-26T12:01:19.294+0200][3.658s] CDS archive(s) mapped at: [0x0000000800000000-0x0000000800bae000-0x0000000800bae000), size 12247040, SharedBaseAddress: 0x0000000800000000, ArchiveRelocationMode: 0.
[2022-10-26T12:01:19.295+0200][3.658s] Compressed class space mapped at: 0x0000000800c00000-0x0000000840c00000, reserved size: 1073741824
[2022-10-26T12:01:19.295+0200][3.658s] Narrow klass base: 0x0000000800000000, Narrow klass shift: 0, Narrow klass range: 0x100000000
[2022-10-26T12:01:22.547+0200][6,911s] GC(0) Pause Young (Normal) (G1 Evacuation Pause)
[2022-10-26T12:01:22.547+0200][6,911s] GC(0) Using 8 workers of 8 for evacuation
[2022-10-26T12:01:22.554+0200][6,918s] GC(0)   Pre Evacuate Collection Set: 0,1ms
[2022-10-26T12:01:22.554+0200][6,918s] GC(0)   Merge Heap Roots: 0,1ms
[2022-10-26T12:01:22.554+0200][6,918s] GC(0)   Evacuate Collection Set: 5,2ms
[2022-10-26T12:01:22.554+0200][6,918s] GC(0)   Post Evacuate Collection Set: 1,2ms
[2022-10-26T12:01:22.554+0200][6,918s] GC(0)   Other: 0,1ms
[2022-10-26T12:01:22.554+0200][6,918s] GC(0) Eden regions: 29->0(64)
[2022-10-26T12:01:22.554+0200][6,918s] GC(0) Survivor regions: 0->4(4)
[2022-10-26T12:01:22.554+0200][6,918s] GC(0) Old regions: 0->2
[2022-10-26T12:01:22.554+0200][6,918s] GC(0) Archive regions: 2->2
[2022-10-26T12:01:22.554+0200][6,918s] GC(0) Humongous regions: 4->4
[2022-10-26T12:01:22.554+0200][6,918s] GC(0) Metaspace: 9752K(10048K)->9752K(10048K) NonClass: 8632K(8768K)->8632K(8768K) Class: 1119K(1280K)->1119K(1280K)
[2022-10-26T12:01:22.554+0200][6,918s] GC(0) Pause Young (Normal) (G1 Evacuation Pause) 33M->10M(512M) 7,272ms
[2022-10-26T12:01:22.555+0200][6,918s] GC(0) User=0,02s Sys=0,00s Real=0,01s
[2022-10-26T12:01:23.955+0200][8,318s] GC(1) Pause Young (Normal) (G1 Evacuation Pause)
[2022-10-26T12:01:23.955+0200][8,319s] GC(1) Using 8 workers of 8 for evacuation
[2022-10-26T12:01:23.971+0200][8,334s] GC(1)   Pre Evacuate Collection Set: 0,1ms
[2022-10-26T12:01:23.971+0200][8,334s] GC(1)   Merge Heap Roots: 0,1ms
[2022-10-26T12:01:23.971+0200][8,334s] GC(1)   Evacuate Collection Set: 13,8ms
[2022-10-26T12:01:23.971+0200][8,334s] GC(1)   Post Evacuate Collection Set: 1,5ms
[2022-10-26T12:01:23.971+0200][8,334s] GC(1)   Other: 0,2ms
[2022-10-26T12:01:23.971+0200][8,334s] GC(1) Eden regions: 55->0(63)
[2022-10-26T12:01:23.971+0200][8,334s] GC(1) Survivor regions: 4->8(8)
[2022-10-26T12:01:23.971+0200][8,334s] GC(1) Old regions: 2->11
[2022-10-26T12:01:23.971+0200][8,334s] GC(1) Archive regions: 2->2
[2022-10-26T12:01:23.971+0200][8,334s] GC(1) Humongous regions: 4->4
[2022-10-26T12:01:23.971+0200][8,334s] GC(1) Metaspace: 18428K(18816K)->18428K(18816K) NonClass: 16324K(16512K)->16324K(16512K) Class: 2103K(2304K)->2103K(2304K)
[2022-10-26T12:01:23.971+0200][8,335s] GC(1) Pause Young (Normal) (G1 Evacuation Pause) 65M->23M(512M) 16,040ms
[2022-10-26T12:01:23.971+0200][8,335s] GC(1) User=0,08s Sys=0,00s Real=0,02s
[2022-10-26T12:01:24.274+0200][8,638s] GC(2) Pause Young (Concurrent Start) (Metadata GC Threshold)
[2022-10-26T12:01:24.274+0200][8,638s] GC(2) Using 8 workers of 8 for evacuation
[2022-10-26T12:01:24.284+0200][8,648s] GC(2)   Pre Evacuate Collection Set: 0,3ms
[2022-10-26T12:01:24.284+0200][8,648s] GC(2)   Merge Heap Roots: 0,2ms
[2022-10-26T12:01:24.284+0200][8,648s] GC(2)   Evacuate Collection Set: 7,9ms
[2022-10-26T12:01:24.284+0200][8,648s] GC(2)   Post Evacuate Collection Set: 1,1ms
[2022-10-26T12:01:24.284+0200][8,648s] GC(2)   Other: 0,2ms
[2022-10-26T12:01:24.284+0200][8,648s] GC(2) Eden regions: 16->0(77)
[2022-10-26T12:01:24.284+0200][8,648s] GC(2) Survivor regions: 8->1(9)
[2022-10-26T12:01:24.284+0200][8,648s] GC(2) Old regions: 11->20
[2022-10-26T12:01:24.284+0200][8,648s] GC(2) Archive regions: 2->2
[2022-10-26T12:01:24.284+0200][8,648s] GC(2) Humongous regions: 4->4
[2022-10-26T12:01:24.284+0200][8,648s] GC(2) Metaspace: 21149K(21504K)->21149K(21504K) NonClass: 18807K(19008K)->18807K(19008K) Class: 2341K(2496K)->2341K(2496K)
[2022-10-26T12:01:24.284+0200][8,648s] GC(2) Pause Young (Concurrent Start) (Metadata GC Threshold) 39M->25M(512M) 10,130ms
[2022-10-26T12:01:24.284+0200][8,648s] GC(3) Concurrent Mark Cycle
[2022-10-26T12:01:24.284+0200][8,648s] GC(2) User=0,04s Sys=0,00s Real=0,01s
[2022-10-26T12:01:24.284+0200][8,648s] GC(3) Concurrent Clear Claimed Marks
[2022-10-26T12:01:24.285+0200][8,649s] GC(3) Concurrent Clear Claimed Marks 0,778ms
[2022-10-26T12:01:24.285+0200][8,649s] GC(3) Concurrent Scan Root Regions
[2022-10-26T12:01:24.290+0200][8,653s] GC(3) Concurrent Scan Root Regions 4,435ms
[2022-10-26T12:01:24.290+0200][8,654s] GC(3) Concurrent Mark
[2022-10-26T12:01:24.290+0200][8,654s] GC(3) Concurrent Mark From Roots
[2022-10-26T12:01:24.290+0200][8,654s] GC(3) Using 2 workers of 2 for marking
[2022-10-26T12:01:24.309+0200][8,672s] GC(3) Concurrent Mark From Roots 18,812ms
[2022-10-26T12:01:24.309+0200][8,672s] GC(3) Concurrent Preclean
[2022-10-26T12:01:24.309+0200][8,673s] GC(3) Concurrent Preclean 0,144ms
[2022-10-26T12:01:24.309+0200][8,673s] GC(3) Pause Remark
[2022-10-26T12:01:24.314+0200][8,677s] GC(3) Pause Remark 25M->25M(512M) 4,437ms
[2022-10-26T12:01:24.314+0200][8,678s] GC(3) User=0,02s Sys=0,00s Real=0,00s
[2022-10-26T12:01:24.314+0200][8,678s] GC(3) Concurrent Mark 24,134ms
[2022-10-26T12:01:24.314+0200][8,678s] GC(3) Concurrent Rebuild Remembered Sets
[2022-10-26T12:01:24.324+0200][8,688s] GC(3) Concurrent Rebuild Remembered Sets 9,930ms
[2022-10-26T12:01:24.324+0200][8,688s] GC(3) Pause Cleanup
[2022-10-26T12:01:24.324+0200][8,688s] GC(3) Pause Cleanup 26M->26M(512M) 0,200ms
[2022-10-26T12:01:24.324+0200][8,688s] GC(3) User=0,00s Sys=0,00s Real=0,00s
[2022-10-26T12:01:24.324+0200][8,688s] GC(3) Concurrent Cleanup for Next Mark
[2022-10-26T12:01:24.326+0200][8,690s] GC(3) Concurrent Cleanup for Next Mark 1,882ms
[2022-10-26T12:01:24.327+0200][8,690s] GC(3) Concurrent Mark Cycle 42,171ms
[2022-10-26T12:01:26.964+0200][11,328s] GC(4) Pause Young (Prepare Mixed) (G1 Evacuation Pause)
[2022-10-26T12:01:26.964+0200][11,328s] GC(4) Using 8 workers of 8 for evacuation
[2022-10-26T12:01:26.987+0200][11,350s] GC(4)   Pre Evacuate Collection Set: 0,2ms
[2022-10-26T12:01:26.987+0200][11,350s] GC(4)   Merge Heap Roots: 0,1ms
[2022-10-26T12:01:26.987+0200][11,350s] GC(4)   Evacuate Collection Set: 17,4ms
[2022-10-26T12:01:26.987+0200][11,350s] GC(4)   Post Evacuate Collection Set: 4,5ms
[2022-10-26T12:01:26.987+0200][11,350s] GC(4)   Other: 0,2ms
[2022-10-26T12:01:26.987+0200][11,350s] GC(4) Eden regions: 77->0(15)
[2022-10-26T12:01:26.987+0200][11,350s] GC(4) Survivor regions: 1->10(10)
[2022-10-26T12:01:26.987+0200][11,350s] GC(4) Old regions: 20->20
[2022-10-26T12:01:26.987+0200][11,350s] GC(4) Archive regions: 2->2
[2022-10-26T12:01:26.987+0200][11,350s] GC(4) Humongous regions: 7->6
[2022-10-26T12:01:26.987+0200][11,350s] GC(4) Metaspace: 33184K(33600K)->33184K(33600K) NonClass: 29455K(29696K)->29455K(29696K) Class: 3728K(3904K)->3728K(3904K)
[2022-10-26T12:01:26.987+0200][11,351s] GC(4) Pause Young (Prepare Mixed) (G1 Evacuation Pause) 104M->36M(512M) 22,948ms
[2022-10-26T12:01:26.987+0200][11,351s] GC(4) User=0,07s Sys=0,00s Real=0,02s
[2022-10-26T12:01:27.227+0200][11,590s] GC(5) Pause Young (Mixed) (G1 Evacuation Pause)
[2022-10-26T12:01:27.227+0200][11,590s] GC(5) Using 8 workers of 8 for evacuation
[2022-10-26T12:01:27.239+0200][11,602s] GC(5)   Pre Evacuate Collection Set: 0,1ms
[2022-10-26T12:01:27.239+0200][11,602s] GC(5)   Merge Heap Roots: 0,1ms
[2022-10-26T12:01:27.239+0200][11,602s] GC(5)   Evacuate Collection Set: 10,4ms
[2022-10-26T12:01:27.239+0200][11,602s] GC(5)   Post Evacuate Collection Set: 1,0ms
[2022-10-26T12:01:27.239+0200][11,602s] GC(5)   Other: 0,1ms
[2022-10-26T12:01:27.239+0200][11,602s] GC(5) Eden regions: 15->0(305)
[2022-10-26T12:01:27.239+0200][11,602s] GC(5) Survivor regions: 10->2(4)
[2022-10-26T12:01:27.239+0200][11,603s] GC(5) Old regions: 20->28
[2022-10-26T12:01:27.239+0200][11,603s] GC(5) Archive regions: 2->2
[2022-10-26T12:01:27.239+0200][11,603s] GC(5) Humongous regions: 6->5
[2022-10-26T12:01:27.239+0200][11,603s] GC(5) Metaspace: 34310K(34752K)->34310K(34752K) NonClass: 30392K(30656K)->30392K(30656K) Class: 3917K(4096K)->3917K(4096K)
[2022-10-26T12:01:27.239+0200][11,603s] GC(5) Pause Young (Mixed) (G1 Evacuation Pause) 51M->35M(512M) 12,279ms
[2022-10-26T12:01:27.239+0200][11,603s] GC(5) User=0,06s Sys=0,00s Real=0,01s
[2022-10-26T12:01:27.719+0200][12,083s] GC(6) Pause Young (Concurrent Start) (Metadata GC Threshold)
[2022-10-26T12:01:27.719+0200][12,083s] GC(6) Using 8 workers of 8 for evacuation
[2022-10-26T12:01:27.723+0200][12,086s] GC(6)   Pre Evacuate Collection Set: 0,3ms
[2022-10-26T12:01:27.723+0200][12,086s] GC(6)   Merge Heap Roots: 0,1ms
[2022-10-26T12:01:27.723+0200][12,086s] GC(6)   Evacuate Collection Set: 2,2ms
[2022-10-26T12:01:27.723+0200][12,086s] GC(6)   Post Evacuate Collection Set: 0,7ms
[2022-10-26T12:01:27.723+0200][12,086s] GC(6)   Other: 0,1ms
[2022-10-26T12:01:27.723+0200][12,086s] GC(6) Eden regions: 108->0(305)
[2022-10-26T12:01:27.723+0200][12,086s] GC(6) Survivor regions: 2->2(39)
[2022-10-26T12:01:27.723+0200][12,086s] GC(6) Old regions: 28->28
[2022-10-26T12:01:27.723+0200][12,086s] GC(6) Archive regions: 2->2
[2022-10-26T12:01:27.723+0200][12,086s] GC(6) Humongous regions: 5->5
[2022-10-26T12:01:27.723+0200][12,087s] GC(6) Metaspace: 35716K(36160K)->35716K(36160K) NonClass: 31660K(31872K)->31660K(31872K) Class: 4055K(4288K)->4055K(4288K)
[2022-10-26T12:01:27.723+0200][12,087s] GC(6) Pause Young (Concurrent Start) (Metadata GC Threshold) 142M->35M(512M) 3,785ms
[2022-10-26T12:01:27.723+0200][12,087s] GC(7) Concurrent Mark Cycle
[2022-10-26T12:01:27.723+0200][12,087s] GC(6) User=0,01s Sys=0,02s Real=0,01s
[2022-10-26T12:01:27.723+0200][12,087s] GC(7) Concurrent Clear Claimed Marks
[2022-10-26T12:01:27.723+0200][12,087s] GC(7) Concurrent Clear Claimed Marks 0,121ms
[2022-10-26T12:01:27.723+0200][12,087s] GC(7) Concurrent Scan Root Regions
[2022-10-26T12:01:27.725+0200][12,089s] GC(7) Concurrent Scan Root Regions 1,879ms
[2022-10-26T12:01:27.725+0200][12,089s] GC(7) Concurrent Mark
[2022-10-26T12:01:27.725+0200][12,089s] GC(7) Concurrent Mark From Roots
[2022-10-26T12:01:27.725+0200][12,089s] GC(7) Using 2 workers of 2 for marking
[2022-10-26T12:01:27.761+0200][12,125s] GC(7) Concurrent Mark From Roots 35,980ms
[2022-10-26T12:01:27.762+0200][12,126s] GC(7) Concurrent Preclean
[2022-10-26T12:01:27.763+0200][12,126s] GC(7) Concurrent Preclean 0,405ms
[2022-10-26T12:01:27.765+0200][12,128s] GC(7) Pause Remark
[2022-10-26T12:01:27.769+0200][12,133s] GC(7) Pause Remark 37M->37M(512M) 4,506ms
[2022-10-26T12:01:27.769+0200][12,133s] GC(7) User=0,02s Sys=0,00s Real=0,01s
[2022-10-26T12:01:27.770+0200][12,133s] GC(7) Concurrent Mark 44,629ms
[2022-10-26T12:01:27.770+0200][12,133s] GC(7) Concurrent Rebuild Remembered Sets
[2022-10-26T12:01:27.790+0200][12,153s] GC(7) Concurrent Rebuild Remembered Sets 19,929ms
[2022-10-26T12:01:27.790+0200][12,154s] GC(7) Pause Cleanup
[2022-10-26T12:01:27.790+0200][12,154s] GC(7) Pause Cleanup 37M->37M(512M) 0,174ms
[2022-10-26T12:01:27.790+0200][12,154s] GC(7) User=0,00s Sys=0,00s Real=0,00s
[2022-10-26T12:01:27.790+0200][12,154s] GC(7) Concurrent Cleanup for Next Mark
[2022-10-26T12:01:27.792+0200][12,156s] GC(7) Concurrent Cleanup for Next Mark 1,869ms
[2022-10-26T12:01:27.792+0200][12,156s] GC(7) Concurrent Mark Cycle 69,417ms
