[2022-10-31T10:41:46.955+0100][0.011s] CardTable entry size: 512
[2022-10-31T10:41:46.955+0100][0.012s] Using G1
[2022-10-31T10:41:47.073+0100][0.130s] Version: 18+36-2087 (release)
[2022-10-31T10:41:47.073+0100][0.130s] CPUs: 8 total, 8 available
[2022-10-31T10:41:47.073+0100][0.130s] Memory: 13915M
[2022-10-31T10:41:47.073+0100][0.130s] Large Page Support: Disabled
[2022-10-31T10:41:47.073+0100][0.130s] NUMA Support: Disabled
[2022-10-31T10:41:47.073+0100][0.130s] Compressed Oops: Enabled (32-bit)
[2022-10-31T10:41:47.073+0100][0.130s] Heap Region Size: 1M
[2022-10-31T10:41:47.073+0100][0.130s] Heap Min Capacity: 512M
[2022-10-31T10:41:47.073+0100][0.130s] Heap Initial Capacity: 512M
[2022-10-31T10:41:47.073+0100][0.130s] Heap Max Capacity: 512M
[2022-10-31T10:41:47.073+0100][0.130s] Pre-touch: Enabled
[2022-10-31T10:41:47.073+0100][0.130s] Parallel Workers: 8
[2022-10-31T10:41:47.074+0100][0.130s] Concurrent Workers: 2
[2022-10-31T10:41:47.074+0100][0.130s] Concurrent Refinement Workers: 8
[2022-10-31T10:41:47.074+0100][0.130s] Periodic GC: Disabled
[2022-10-31T10:41:47.074+0100][0.130s] CDS archive(s) mapped at: [0x0000000800000000-0x0000000800bae000-0x0000000800bae000), size 12247040, SharedBaseAddress: 0x0000000800000000, ArchiveRelocationMode: 0.
[2022-10-31T10:41:47.074+0100][0.130s] Compressed class space mapped at: 0x0000000800c00000-0x0000000840c00000, reserved size: 1073741824
[2022-10-31T10:41:47.074+0100][0.130s] Narrow klass base: 0x0000000800000000, Narrow klass shift: 0, Narrow klass range: 0x100000000
[2022-10-31T10:41:48.489+0100][1,546s] GC(0) Pause Young (Normal) (G1 Evacuation Pause)
[2022-10-31T10:41:48.490+0100][1,547s] GC(0) Using 8 workers of 8 for evacuation
[2022-10-31T10:41:48.498+0100][1,554s] GC(0)   Pre Evacuate Collection Set: 0,1ms
[2022-10-31T10:41:48.498+0100][1,554s] GC(0)   Merge Heap Roots: 0,1ms
[2022-10-31T10:41:48.498+0100][1,554s] GC(0)   Evacuate Collection Set: 6,2ms
[2022-10-31T10:41:48.498+0100][1,555s] GC(0)   Post Evacuate Collection Set: 1,2ms
[2022-10-31T10:41:48.498+0100][1,555s] GC(0)   Other: 0,2ms
[2022-10-31T10:41:48.498+0100][1,555s] GC(0) Eden regions: 29->0(66)
[2022-10-31T10:41:48.498+0100][1,555s] GC(0) Survivor regions: 0->4(4)
[2022-10-31T10:41:48.498+0100][1,555s] GC(0) Old regions: 0->2
[2022-10-31T10:41:48.498+0100][1,555s] GC(0) Archive regions: 2->2
[2022-10-31T10:41:48.498+0100][1,555s] GC(0) Humongous regions: 4->4
[2022-10-31T10:41:48.498+0100][1,555s] GC(0) Metaspace: 9764K(10048K)->9764K(10048K) NonClass: 8645K(8768K)->8645K(8768K) Class: 1119K(1280K)->1119K(1280K)
[2022-10-31T10:41:48.498+0100][1,555s] GC(0) Pause Young (Normal) (G1 Evacuation Pause) 33M->10M(512M) 8,984ms
[2022-10-31T10:41:48.498+0100][1,555s] GC(0) User=0,04s Sys=0,00s Real=0,01s
[2022-10-31T10:41:49.798+0100][2,854s] GC(1) Pause Young (Normal) (G1 Evacuation Pause)
[2022-10-31T10:41:49.798+0100][2,854s] GC(1) Using 8 workers of 8 for evacuation
[2022-10-31T10:41:49.812+0100][2,868s] GC(1)   Pre Evacuate Collection Set: 0,1ms
[2022-10-31T10:41:49.812+0100][2,868s] GC(1)   Merge Heap Roots: 0,1ms
[2022-10-31T10:41:49.812+0100][2,868s] GC(1)   Evacuate Collection Set: 10,9ms
[2022-10-31T10:41:49.812+0100][2,868s] GC(1)   Post Evacuate Collection Set: 2,6ms
[2022-10-31T10:41:49.812+0100][2,869s] GC(1)   Other: 0,2ms
[2022-10-31T10:41:49.812+0100][2,869s] GC(1) Eden regions: 58->0(65)
[2022-10-31T10:41:49.812+0100][2,869s] GC(1) Survivor regions: 4->8(8)
[2022-10-31T10:41:49.812+0100][2,869s] GC(1) Old regions: 2->11
[2022-10-31T10:41:49.812+0100][2,869s] GC(1) Archive regions: 2->2
[2022-10-31T10:41:49.812+0100][2,869s] GC(1) Humongous regions: 4->4
[2022-10-31T10:41:49.812+0100][2,869s] GC(1) Metaspace: 18634K(19072K)->18634K(19072K) NonClass: 16509K(16768K)->16509K(16768K) Class: 2125K(2304K)->2125K(2304K)
[2022-10-31T10:41:49.812+0100][2,869s] GC(1) Pause Young (Normal) (G1 Evacuation Pause) 68M->23M(512M) 14,382ms
[2022-10-31T10:41:49.812+0100][2,869s] GC(1) User=0,07s Sys=0,00s Real=0,02s
[2022-10-31T10:41:50.130+0100][3,187s] GC(2) Pause Young (Concurrent Start) (Metadata GC Threshold)
[2022-10-31T10:41:50.130+0100][3,187s] GC(2) Using 8 workers of 8 for evacuation
[2022-10-31T10:41:50.138+0100][3,194s] GC(2)   Pre Evacuate Collection Set: 0,4ms
[2022-10-31T10:41:50.138+0100][3,194s] GC(2)   Merge Heap Roots: 0,1ms
[2022-10-31T10:41:50.138+0100][3,194s] GC(2)   Evacuate Collection Set: 6,3ms
[2022-10-31T10:41:50.138+0100][3,194s] GC(2)   Post Evacuate Collection Set: 0,7ms
[2022-10-31T10:41:50.138+0100][3,194s] GC(2)   Other: 0,1ms
[2022-10-31T10:41:50.138+0100][3,194s] GC(2) Eden regions: 13->0(78)
[2022-10-31T10:41:50.138+0100][3,194s] GC(2) Survivor regions: 8->1(9)
[2022-10-31T10:41:50.138+0100][3,194s] GC(2) Old regions: 11->19
[2022-10-31T10:41:50.138+0100][3,194s] GC(2) Archive regions: 2->2
[2022-10-31T10:41:50.138+0100][3,195s] GC(2) Humongous regions: 4->4
[2022-10-31T10:41:50.138+0100][3,195s] GC(2) Metaspace: 21176K(21504K)->21176K(21504K) NonClass: 18834K(19008K)->18834K(19008K) Class: 2341K(2496K)->2341K(2496K)
[2022-10-31T10:41:50.138+0100][3,195s] GC(2) Pause Young (Concurrent Start) (Metadata GC Threshold) 36M->24M(512M) 8,023ms
[2022-10-31T10:41:50.138+0100][3,195s] GC(2) User=0,04s Sys=0,01s Real=0,01s
[2022-10-31T10:41:50.138+0100][3,195s] GC(3) Concurrent Mark Cycle
[2022-10-31T10:41:50.138+0100][3,195s] GC(3) Concurrent Clear Claimed Marks
[2022-10-31T10:41:50.138+0100][3,195s] GC(3) Concurrent Clear Claimed Marks 0,067ms
[2022-10-31T10:41:50.138+0100][3,195s] GC(3) Concurrent Scan Root Regions
[2022-10-31T10:41:50.141+0100][3,198s] GC(3) Concurrent Scan Root Regions 2,834ms
[2022-10-31T10:41:50.141+0100][3,198s] GC(3) Concurrent Mark
[2022-10-31T10:41:50.141+0100][3,198s] GC(3) Concurrent Mark From Roots
[2022-10-31T10:41:50.141+0100][3,198s] GC(3) Using 2 workers of 2 for marking
[2022-10-31T10:41:50.156+0100][3,213s] GC(3) Concurrent Mark From Roots 15,293ms
[2022-10-31T10:41:50.157+0100][3,213s] GC(3) Concurrent Preclean
[2022-10-31T10:41:50.157+0100][3,213s] GC(3) Concurrent Preclean 0,029ms
[2022-10-31T10:41:50.157+0100][3,213s] GC(3) Pause Remark
[2022-10-31T10:41:50.159+0100][3,216s] GC(3) Pause Remark 25M->25M(512M) 2,498ms
[2022-10-31T10:41:50.160+0100][3,216s] GC(3) User=0,01s Sys=0,00s Real=0,00s
[2022-10-31T10:41:50.160+0100][3,216s] GC(3) Concurrent Mark 18,522ms
[2022-10-31T10:41:50.160+0100][3,216s] GC(3) Concurrent Rebuild Remembered Sets
[2022-10-31T10:41:50.169+0100][3,226s] GC(3) Concurrent Rebuild Remembered Sets 9,691ms
[2022-10-31T10:41:50.170+0100][3,226s] GC(3) Pause Cleanup
[2022-10-31T10:41:50.170+0100][3,226s] GC(3) Pause Cleanup 26M->26M(512M) 0,166ms
[2022-10-31T10:41:50.170+0100][3,226s] GC(3) User=0,00s Sys=0,00s Real=0,00s
[2022-10-31T10:41:50.170+0100][3,226s] GC(3) Concurrent Cleanup for Next Mark
[2022-10-31T10:41:50.172+0100][3,228s] GC(3) Concurrent Cleanup for Next Mark 1,703ms
[2022-10-31T10:41:50.172+0100][3,228s] GC(3) Concurrent Mark Cycle 33,720ms
[2022-10-31T10:41:52.212+0100][5,269s] GC(4) Pause Young (Prepare Mixed) (G1 Evacuation Pause)
[2022-10-31T10:41:52.212+0100][5,269s] GC(4) Using 8 workers of 8 for evacuation
[2022-10-31T10:41:52.221+0100][5,277s] GC(4)   Pre Evacuate Collection Set: 0,1ms
[2022-10-31T10:41:52.221+0100][5,277s] GC(4)   Merge Heap Roots: 0,1ms
[2022-10-31T10:41:52.221+0100][5,277s] GC(4)   Evacuate Collection Set: 7,0ms
[2022-10-31T10:41:52.221+0100][5,277s] GC(4)   Post Evacuate Collection Set: 1,0ms
[2022-10-31T10:41:52.221+0100][5,277s] GC(4)   Other: 0,1ms
[2022-10-31T10:41:52.221+0100][5,277s] GC(4) Eden regions: 78->0(16)
[2022-10-31T10:41:52.221+0100][5,277s] GC(4) Survivor regions: 1->9(10)
[2022-10-31T10:41:52.221+0100][5,277s] GC(4) Old regions: 19->19
[2022-10-31T10:41:52.221+0100][5,277s] GC(4) Archive regions: 2->2
[2022-10-31T10:41:52.221+0100][5,277s] GC(4) Humongous regions: 6->5
[2022-10-31T10:41:52.221+0100][5,277s] GC(4) Metaspace: 32490K(32896K)->32490K(32896K) NonClass: 28834K(29056K)->28834K(29056K) Class: 3655K(3840K)->3655K(3840K)
[2022-10-31T10:41:52.221+0100][5,277s] GC(4) Pause Young (Prepare Mixed) (G1 Evacuation Pause) 104M->33M(512M) 8,726ms
[2022-10-31T10:41:52.221+0100][5,277s] GC(4) User=0,05s Sys=0,00s Real=0,01s
[2022-10-31T10:41:52.499+0100][5,555s] GC(5) Pause Young (Mixed) (G1 Evacuation Pause)
[2022-10-31T10:41:52.499+0100][5,555s] GC(5) Using 8 workers of 8 for evacuation
[2022-10-31T10:41:52.509+0100][5,566s] GC(5)   Pre Evacuate Collection Set: 0,1ms
[2022-10-31T10:41:52.509+0100][5,566s] GC(5)   Merge Heap Roots: 0,1ms
[2022-10-31T10:41:52.509+0100][5,566s] GC(5)   Evacuate Collection Set: 9,1ms
[2022-10-31T10:41:52.509+0100][5,566s] GC(5)   Post Evacuate Collection Set: 1,0ms
[2022-10-31T10:41:52.509+0100][5,566s] GC(5)   Other: 0,1ms
[2022-10-31T10:41:52.509+0100][5,566s] GC(5) Eden regions: 16->0(304)
[2022-10-31T10:41:52.509+0100][5,566s] GC(5) Survivor regions: 9->3(4)
[2022-10-31T10:41:52.509+0100][5,566s] GC(5) Old regions: 19->27
[2022-10-31T10:41:52.509+0100][5,566s] GC(5) Archive regions: 2->2
[2022-10-31T10:41:52.510+0100][5,566s] GC(5) Humongous regions: 6->5
[2022-10-31T10:41:52.510+0100][5,566s] GC(5) Metaspace: 34266K(34688K)->34266K(34688K) NonClass: 30356K(30592K)->30356K(30592K) Class: 3909K(4096K)->3909K(4096K)
[2022-10-31T10:41:52.510+0100][5,566s] GC(5) Pause Young (Mixed) (G1 Evacuation Pause) 50M->35M(512M) 10,807ms
[2022-10-31T10:41:52.510+0100][5,566s] GC(5) User=0,06s Sys=0,00s Real=0,01s
[2022-10-31T10:41:52.914+0100][5,971s] GC(6) Pause Young (Concurrent Start) (Metadata GC Threshold)
[2022-10-31T10:41:52.915+0100][5,971s] GC(6) Using 8 workers of 8 for evacuation
[2022-10-31T10:41:52.918+0100][5,975s] GC(6)   Pre Evacuate Collection Set: 0,2ms
[2022-10-31T10:41:52.918+0100][5,975s] GC(6)   Merge Heap Roots: 0,1ms
[2022-10-31T10:41:52.918+0100][5,975s] GC(6)   Evacuate Collection Set: 2,5ms
[2022-10-31T10:41:52.918+0100][5,975s] GC(6)   Post Evacuate Collection Set: 0,8ms
[2022-10-31T10:41:52.918+0100][5,975s] GC(6)   Other: 0,1ms
[2022-10-31T10:41:52.918+0100][5,975s] GC(6) Eden regions: 112->0(304)
[2022-10-31T10:41:52.918+0100][5,975s] GC(6) Survivor regions: 3->3(39)
[2022-10-31T10:41:52.918+0100][5,975s] GC(6) Old regions: 27->27
[2022-10-31T10:41:52.918+0100][5,975s] GC(6) Archive regions: 2->2
[2022-10-31T10:41:52.918+0100][5,975s] GC(6) Humongous regions: 5->5
[2022-10-31T10:41:52.918+0100][5,975s] GC(6) Metaspace: 35724K(36160K)->35724K(36160K) NonClass: 31667K(31872K)->31667K(31872K) Class: 4056K(4288K)->4056K(4288K)
[2022-10-31T10:41:52.919+0100][5,975s] GC(6) Pause Young (Concurrent Start) (Metadata GC Threshold) 147M->35M(512M) 4,093ms
[2022-10-31T10:41:52.919+0100][5,975s] GC(7) Concurrent Mark Cycle
[2022-10-31T10:41:52.919+0100][5,975s] GC(6) User=0,02s Sys=0,00s Real=0,00s
[2022-10-31T10:41:52.919+0100][5,975s] GC(7) Concurrent Clear Claimed Marks
[2022-10-31T10:41:52.919+0100][5,975s] GC(7) Concurrent Clear Claimed Marks 0,081ms
[2022-10-31T10:41:52.919+0100][5,975s] GC(7) Concurrent Scan Root Regions
[2022-10-31T10:41:52.921+0100][5,977s] GC(7) Concurrent Scan Root Regions 1,920ms
[2022-10-31T10:41:52.921+0100][5,977s] GC(7) Concurrent Mark
[2022-10-31T10:41:52.921+0100][5,977s] GC(7) Concurrent Mark From Roots
[2022-10-31T10:41:52.921+0100][5,977s] GC(7) Using 2 workers of 2 for marking
[2022-10-31T10:41:52.957+0100][6,014s] GC(7) Concurrent Mark From Roots 36,743ms
[2022-10-31T10:41:52.958+0100][6,014s] GC(7) Concurrent Preclean
[2022-10-31T10:41:52.958+0100][6,014s] GC(7) Concurrent Preclean 0,199ms
[2022-10-31T10:41:52.958+0100][6,015s] GC(7) Pause Remark
[2022-10-31T10:41:52.962+0100][6,018s] GC(7) Pause Remark 37M->37M(512M) 3,864ms
[2022-10-31T10:41:52.962+0100][6,019s] GC(7) User=0,02s Sys=0,00s Real=0,00s
[2022-10-31T10:41:52.962+0100][6,019s] GC(7) Concurrent Mark 41,460ms
[2022-10-31T10:41:52.962+0100][6,019s] GC(7) Concurrent Rebuild Remembered Sets
[2022-10-31T10:41:52.974+0100][6,031s] GC(7) Concurrent Rebuild Remembered Sets 12,165ms
[2022-10-31T10:41:52.975+0100][6,031s] GC(7) Pause Cleanup
[2022-10-31T10:41:52.975+0100][6,031s] GC(7) Pause Cleanup 37M->37M(512M) 0,166ms
[2022-10-31T10:41:52.975+0100][6,031s] GC(7) User=0,00s Sys=0,00s Real=0,00s
[2022-10-31T10:41:52.975+0100][6,031s] GC(7) Concurrent Cleanup for Next Mark
[2022-10-31T10:41:52.977+0100][6,034s] GC(7) Concurrent Cleanup for Next Mark 2,201ms
[2022-10-31T10:41:52.977+0100][6,034s] GC(7) Concurrent Mark Cycle 58,674ms
[2022-10-31T11:38:37.672+0100][3410,728s] Heap
[2022-10-31T11:38:37.672+0100][3410,728s]  garbage-first heap   total 524288K, used 257697K [0x00000000e0000000, 0x0000000100000000)
[2022-10-31T11:38:37.672+0100][3410,728s]   region size 1024K, 217 young (222208K), 3 survivors (3072K)
[2022-10-31T11:38:37.672+0100][3410,728s]  Metaspace       used 49467K, committed 49984K, reserved 1114112K
[2022-10-31T11:38:37.672+0100][3410,728s]   class space    used 5723K, committed 5952K, reserved 1048576K
