[2022-10-31T08:12:21.308+0100][0.010s] CardTable entry size: 512
[2022-10-31T08:12:21.309+0100][0.011s] Using G1
[2022-10-31T08:12:21.440+0100][0.142s] Version: 18+36-2087 (release)
[2022-10-31T08:12:21.440+0100][0.142s] CPUs: 8 total, 8 available
[2022-10-31T08:12:21.440+0100][0.143s] Memory: 13915M
[2022-10-31T08:12:21.440+0100][0.143s] Large Page Support: Disabled
[2022-10-31T08:12:21.440+0100][0.143s] NUMA Support: Disabled
[2022-10-31T08:12:21.440+0100][0.143s] Compressed Oops: Enabled (32-bit)
[2022-10-31T08:12:21.440+0100][0.143s] Heap Region Size: 1M
[2022-10-31T08:12:21.440+0100][0.143s] Heap Min Capacity: 512M
[2022-10-31T08:12:21.440+0100][0.143s] Heap Initial Capacity: 512M
[2022-10-31T08:12:21.440+0100][0.143s] Heap Max Capacity: 512M
[2022-10-31T08:12:21.440+0100][0.143s] Pre-touch: Enabled
[2022-10-31T08:12:21.440+0100][0.143s] Parallel Workers: 8
[2022-10-31T08:12:21.440+0100][0.143s] Concurrent Workers: 2
[2022-10-31T08:12:21.440+0100][0.143s] Concurrent Refinement Workers: 8
[2022-10-31T08:12:21.440+0100][0.143s] Periodic GC: Disabled
[2022-10-31T08:12:21.440+0100][0.143s] CDS archive(s) mapped at: [0x0000000800000000-0x0000000800bae000-0x0000000800bae000), size 12247040, SharedBaseAddress: 0x0000000800000000, ArchiveRelocationMode: 0.
[2022-10-31T08:12:21.440+0100][0.143s] Compressed class space mapped at: 0x0000000800c00000-0x0000000840c00000, reserved size: 1073741824
[2022-10-31T08:12:21.440+0100][0.143s] Narrow klass base: 0x0000000800000000, Narrow klass shift: 0, Narrow klass range: 0x100000000
[2022-10-31T08:12:23.086+0100][1,789s] GC(0) Pause Young (Normal) (G1 Evacuation Pause)
[2022-10-31T08:12:23.086+0100][1,789s] GC(0) Using 8 workers of 8 for evacuation
[2022-10-31T08:12:23.092+0100][1,795s] GC(0)   Pre Evacuate Collection Set: 0,1ms
[2022-10-31T08:12:23.093+0100][1,795s] GC(0)   Merge Heap Roots: 0,1ms
[2022-10-31T08:12:23.093+0100][1,795s] GC(0)   Evacuate Collection Set: 4,9ms
[2022-10-31T08:12:23.093+0100][1,795s] GC(0)   Post Evacuate Collection Set: 0,9ms
[2022-10-31T08:12:23.093+0100][1,795s] GC(0)   Other: 0,1ms
[2022-10-31T08:12:23.093+0100][1,795s] GC(0) Eden regions: 29->0(66)
[2022-10-31T08:12:23.093+0100][1,795s] GC(0) Survivor regions: 0->4(4)
[2022-10-31T08:12:23.093+0100][1,795s] GC(0) Old regions: 0->1
[2022-10-31T08:12:23.093+0100][1,795s] GC(0) Archive regions: 2->2
[2022-10-31T08:12:23.093+0100][1,795s] GC(0) Humongous regions: 4->4
[2022-10-31T08:12:23.093+0100][1,795s] GC(0) Metaspace: 9741K(10048K)->9741K(10048K) NonClass: 8621K(8768K)->8621K(8768K) Class: 1119K(1280K)->1119K(1280K)
[2022-10-31T08:12:23.093+0100][1,795s] GC(0) Pause Young (Normal) (G1 Evacuation Pause) 33M->9M(512M) 6,650ms
[2022-10-31T08:12:23.093+0100][1,795s] GC(0) User=0,04s Sys=0,00s Real=0,01s
[2022-10-31T08:12:24.769+0100][3,472s] GC(1) Pause Young (Normal) (G1 Evacuation Pause)
[2022-10-31T08:12:24.770+0100][3,472s] GC(1) Using 8 workers of 8 for evacuation
[2022-10-31T08:12:24.792+0100][3,495s] GC(1)   Pre Evacuate Collection Set: 0,2ms
[2022-10-31T08:12:24.792+0100][3,495s] GC(1)   Merge Heap Roots: 0,1ms
[2022-10-31T08:12:24.792+0100][3,495s] GC(1)   Evacuate Collection Set: 19,5ms
[2022-10-31T08:12:24.792+0100][3,495s] GC(1)   Post Evacuate Collection Set: 2,6ms
[2022-10-31T08:12:24.792+0100][3,495s] GC(1)   Other: 0,2ms
[2022-10-31T08:12:24.792+0100][3,495s] GC(1) Eden regions: 59->0(66)
[2022-10-31T08:12:24.792+0100][3,495s] GC(1) Survivor regions: 4->8(8)
[2022-10-31T08:12:24.792+0100][3,495s] GC(1) Old regions: 1->11
[2022-10-31T08:12:24.792+0100][3,495s] GC(1) Archive regions: 2->2
[2022-10-31T08:12:24.792+0100][3,495s] GC(1) Humongous regions: 4->4
[2022-10-31T08:12:24.792+0100][3,495s] GC(1) Metaspace: 18625K(19008K)->18625K(19008K) NonClass: 16500K(16704K)->16500K(16704K) Class: 2125K(2304K)->2125K(2304K)
[2022-10-31T08:12:24.792+0100][3,495s] GC(1) Pause Young (Normal) (G1 Evacuation Pause) 68M->23M(512M) 22,950ms
[2022-10-31T08:12:24.792+0100][3,495s] GC(1) User=0,07s Sys=0,00s Real=0,03s
[2022-10-31T08:12:25.042+0100][3,744s] GC(2) Pause Young (Concurrent Start) (Metadata GC Threshold)
[2022-10-31T08:12:25.042+0100][3,745s] GC(2) Using 8 workers of 8 for evacuation
[2022-10-31T08:12:25.049+0100][3,752s] GC(2)   Pre Evacuate Collection Set: 0,4ms
[2022-10-31T08:12:25.049+0100][3,752s] GC(2)   Merge Heap Roots: 0,1ms
[2022-10-31T08:12:25.049+0100][3,752s] GC(2)   Evacuate Collection Set: 6,2ms
[2022-10-31T08:12:25.049+0100][3,752s] GC(2)   Post Evacuate Collection Set: 0,6ms
[2022-10-31T08:12:25.049+0100][3,752s] GC(2)   Other: 0,1ms
[2022-10-31T08:12:25.049+0100][3,752s] GC(2) Eden regions: 12->0(80)
[2022-10-31T08:12:25.049+0100][3,752s] GC(2) Survivor regions: 8->1(10)
[2022-10-31T08:12:25.050+0100][3,752s] GC(2) Old regions: 11->19
[2022-10-31T08:12:25.050+0100][3,752s] GC(2) Archive regions: 2->2
[2022-10-31T08:12:25.050+0100][3,752s] GC(2) Humongous regions: 4->4
[2022-10-31T08:12:25.050+0100][3,752s] GC(2) Metaspace: 21138K(21504K)->21138K(21504K) NonClass: 18804K(19008K)->18804K(19008K) Class: 2333K(2496K)->2333K(2496K)
[2022-10-31T08:12:25.050+0100][3,752s] GC(2) Pause Young (Concurrent Start) (Metadata GC Threshold) 35M->24M(512M) 7,864ms
[2022-10-31T08:12:25.050+0100][3,752s] GC(2) User=0,03s Sys=0,00s Real=0,01s
[2022-10-31T08:12:25.050+0100][3,752s] GC(3) Concurrent Mark Cycle
[2022-10-31T08:12:25.050+0100][3,752s] GC(3) Concurrent Clear Claimed Marks
[2022-10-31T08:12:25.050+0100][3,752s] GC(3) Concurrent Clear Claimed Marks 0,075ms
[2022-10-31T08:12:25.050+0100][3,752s] GC(3) Concurrent Scan Root Regions
[2022-10-31T08:12:25.052+0100][3,755s] GC(3) Concurrent Scan Root Regions 2,666ms
[2022-10-31T08:12:25.053+0100][3,755s] GC(3) Concurrent Mark
[2022-10-31T08:12:25.053+0100][3,755s] GC(3) Concurrent Mark From Roots
[2022-10-31T08:12:25.053+0100][3,755s] GC(3) Using 2 workers of 2 for marking
[2022-10-31T08:12:25.069+0100][3,771s] GC(3) Concurrent Mark From Roots 16,031ms
[2022-10-31T08:12:25.069+0100][3,771s] GC(3) Concurrent Preclean
[2022-10-31T08:12:25.069+0100][3,771s] GC(3) Concurrent Preclean 0,028ms
[2022-10-31T08:12:25.069+0100][3,772s] GC(3) Pause Remark
[2022-10-31T08:12:25.072+0100][3,775s] GC(3) Pause Remark 25M->25M(512M) 3,308ms
[2022-10-31T08:12:25.072+0100][3,775s] GC(3) User=0,01s Sys=0,00s Real=0,01s
[2022-10-31T08:12:25.072+0100][3,775s] GC(3) Concurrent Mark 19,853ms
[2022-10-31T08:12:25.072+0100][3,775s] GC(3) Concurrent Rebuild Remembered Sets
[2022-10-31T08:12:25.082+0100][3,785s] GC(3) Concurrent Rebuild Remembered Sets 9,464ms
[2022-10-31T08:12:25.082+0100][3,785s] GC(3) Pause Cleanup
[2022-10-31T08:12:25.083+0100][3,785s] GC(3) Pause Cleanup 25M->25M(512M) 0,209ms
[2022-10-31T08:12:25.083+0100][3,785s] GC(3) User=0,00s Sys=0,00s Real=0,00s
[2022-10-31T08:12:25.083+0100][3,785s] GC(3) Concurrent Cleanup for Next Mark
[2022-10-31T08:12:25.085+0100][3,787s] GC(3) Concurrent Cleanup for Next Mark 2,172ms
[2022-10-31T08:12:25.085+0100][3,788s] GC(3) Concurrent Mark Cycle 35,315ms
[2022-10-31T08:12:27.469+0100][6,172s] GC(4) Pause Young (Normal) (G1 Evacuation Pause)
[2022-10-31T08:12:27.469+0100][6,172s] GC(4) Using 8 workers of 8 for evacuation
[2022-10-31T08:12:27.479+0100][6,182s] GC(4)   Pre Evacuate Collection Set: 0,1ms
[2022-10-31T08:12:27.479+0100][6,182s] GC(4)   Merge Heap Roots: 0,1ms
[2022-10-31T08:12:27.479+0100][6,182s] GC(4)   Evacuate Collection Set: 7,9ms
[2022-10-31T08:12:27.479+0100][6,182s] GC(4)   Post Evacuate Collection Set: 1,4ms
[2022-10-31T08:12:27.479+0100][6,182s] GC(4)   Other: 0,2ms
[2022-10-31T08:12:27.479+0100][6,182s] GC(4) Eden regions: 80->0(297)
[2022-10-31T08:12:27.479+0100][6,182s] GC(4) Survivor regions: 1->10(11)
[2022-10-31T08:12:27.479+0100][6,182s] GC(4) Old regions: 19->19
[2022-10-31T08:12:27.479+0100][6,182s] GC(4) Archive regions: 2->2
[2022-10-31T08:12:27.479+0100][6,182s] GC(4) Humongous regions: 6->5
[2022-10-31T08:12:27.479+0100][6,182s] GC(4) Metaspace: 32776K(33152K)->32776K(33152K) NonClass: 29096K(29312K)->29096K(29312K) Class: 3680K(3840K)->3680K(3840K)
[2022-10-31T08:12:27.479+0100][6,182s] GC(4) Pause Young (Normal) (G1 Evacuation Pause) 106M->33M(512M) 10,188ms
[2022-10-31T08:12:27.479+0100][6,182s] GC(4) User=0,07s Sys=0,00s Real=0,01s
[2022-10-31T08:12:28.297+0100][6,999s] GC(5) Pause Young (Concurrent Start) (Metadata GC Threshold)
[2022-10-31T08:12:28.297+0100][7,000s] GC(5) Using 8 workers of 8 for evacuation
[2022-10-31T08:12:28.306+0100][7,009s] GC(5)   Pre Evacuate Collection Set: 0,2ms
[2022-10-31T08:12:28.306+0100][7,009s] GC(5)   Merge Heap Roots: 0,1ms
[2022-10-31T08:12:28.306+0100][7,009s] GC(5)   Evacuate Collection Set: 7,4ms
[2022-10-31T08:12:28.306+0100][7,009s] GC(5)   Post Evacuate Collection Set: 1,2ms
[2022-10-31T08:12:28.306+0100][7,009s] GC(5)   Other: 0,2ms
[2022-10-31T08:12:28.306+0100][7,009s] GC(5) Eden regions: 125->0(295)
[2022-10-31T08:12:28.306+0100][7,009s] GC(5) Survivor regions: 10->12(39)
[2022-10-31T08:12:28.306+0100][7,009s] GC(5) Old regions: 19->19
[2022-10-31T08:12:28.306+0100][7,009s] GC(5) Archive regions: 2->2
[2022-10-31T08:12:28.306+0100][7,009s] GC(5) Humongous regions: 6->5
[2022-10-31T08:12:28.306+0100][7,009s] GC(5) Metaspace: 35729K(36160K)->35729K(36160K) NonClass: 31673K(31872K)->31673K(31872K) Class: 4055K(4288K)->4055K(4288K)
[2022-10-31T08:12:28.306+0100][7,009s] GC(5) Pause Young (Concurrent Start) (Metadata GC Threshold) 159M->36M(512M) 9,801ms
[2022-10-31T08:12:28.306+0100][7,009s] GC(5) User=0,05s Sys=0,00s Real=0,01s
[2022-10-31T08:12:28.306+0100][7,009s] GC(6) Concurrent Mark Cycle
[2022-10-31T08:12:28.306+0100][7,009s] GC(6) Concurrent Clear Claimed Marks
[2022-10-31T08:12:28.307+0100][7,009s] GC(6) Concurrent Clear Claimed Marks 0,077ms
[2022-10-31T08:12:28.307+0100][7,009s] GC(6) Concurrent Scan Root Regions
[2022-10-31T08:12:28.311+0100][7,013s] GC(6) Concurrent Scan Root Regions 4,264ms
[2022-10-31T08:12:28.311+0100][7,014s] GC(6) Concurrent Mark
[2022-10-31T08:12:28.311+0100][7,014s] GC(6) Concurrent Mark From Roots
[2022-10-31T08:12:28.311+0100][7,014s] GC(6) Using 2 workers of 2 for marking
[2022-10-31T08:12:28.336+0100][7,038s] GC(6) Concurrent Mark From Roots 24,570ms
[2022-10-31T08:12:28.336+0100][7,038s] GC(6) Concurrent Preclean
[2022-10-31T08:12:28.336+0100][7,038s] GC(6) Concurrent Preclean 0,165ms
[2022-10-31T08:12:28.336+0100][7,039s] GC(6) Pause Remark
[2022-10-31T08:12:28.340+0100][7,042s] GC(6) Pause Remark 37M->37M(512M) 3,580ms
[2022-10-31T08:12:28.340+0100][7,043s] GC(6) User=0,02s Sys=0,00s Real=0,00s
[2022-10-31T08:12:28.340+0100][7,043s] GC(6) Concurrent Mark 29,164ms
[2022-10-31T08:12:28.340+0100][7,043s] GC(6) Concurrent Rebuild Remembered Sets
[2022-10-31T08:12:28.356+0100][7,058s] GC(6) Concurrent Rebuild Remembered Sets 15,623ms
[2022-10-31T08:12:28.356+0100][7,059s] GC(6) Pause Cleanup
[2022-10-31T08:12:28.356+0100][7,059s] GC(6) Pause Cleanup 38M->38M(512M) 0,205ms
[2022-10-31T08:12:28.356+0100][7,059s] GC(6) User=0,00s Sys=0,00s Real=0,00s
[2022-10-31T08:12:28.357+0100][7,059s] GC(6) Concurrent Cleanup for Next Mark
[2022-10-31T08:12:28.358+0100][7,061s] GC(6) Concurrent Cleanup for Next Mark 1,650ms
[2022-10-31T08:12:28.358+0100][7,061s] GC(6) Concurrent Mark Cycle 51,966ms
[2022-10-31T10:22:17.268+0100][7795,970s] Heap
[2022-10-31T10:22:17.268+0100][7795,971s]  garbage-first heap   total 524288K, used 320306K [0x00000000e0000000, 0x0000000100000000)
[2022-10-31T10:22:17.268+0100][7795,971s]   region size 1024K, 286 young (292864K), 12 survivors (12288K)
[2022-10-31T10:22:17.268+0100][7795,971s]  Metaspace       used 50048K, committed 50560K, reserved 1114112K
[2022-10-31T10:22:17.268+0100][7795,971s]   class space    used 5712K, committed 5952K, reserved 1048576K
