[2022-10-14T08:09:41.395+0200][0.007s] CardTable entry size: 512
[2022-10-14T08:09:41.395+0200][0.007s] Using G1
[2022-10-14T08:09:41.458+0200][0.071s] Version: 18+36-2087 (release)
[2022-10-14T08:09:41.459+0200][0.071s] CPUs: 8 total, 8 available
[2022-10-14T08:09:41.459+0200][0.071s] Memory: 13915M
[2022-10-14T08:09:41.459+0200][0.071s] Large Page Support: Disabled
[2022-10-14T08:09:41.459+0200][0.071s] NUMA Support: Disabled
[2022-10-14T08:09:41.459+0200][0.071s] Compressed Oops: Enabled (32-bit)
[2022-10-14T08:09:41.459+0200][0.071s] Heap Region Size: 1M
[2022-10-14T08:09:41.459+0200][0.071s] Heap Min Capacity: 512M
[2022-10-14T08:09:41.459+0200][0.071s] Heap Initial Capacity: 512M
[2022-10-14T08:09:41.459+0200][0.071s] Heap Max Capacity: 512M
[2022-10-14T08:09:41.459+0200][0.071s] Pre-touch: Enabled
[2022-10-14T08:09:41.459+0200][0.071s] Parallel Workers: 8
[2022-10-14T08:09:41.459+0200][0.071s] Concurrent Workers: 2
[2022-10-14T08:09:41.459+0200][0.071s] Concurrent Refinement Workers: 8
[2022-10-14T08:09:41.459+0200][0.071s] Periodic GC: Disabled
[2022-10-14T08:09:41.459+0200][0.071s] CDS archive(s) mapped at: [0x0000000800000000-0x0000000800bae000-0x0000000800bae000), size 12247040, SharedBaseAddress: 0x0000000800000000, ArchiveRelocationMode: 0.
[2022-10-14T08:09:41.459+0200][0.071s] Compressed class space mapped at: 0x0000000800c00000-0x0000000840c00000, reserved size: 1073741824
[2022-10-14T08:09:41.459+0200][0.071s] Narrow klass base: 0x0000000800000000, Narrow klass shift: 0, Narrow klass range: 0x100000000
[2022-10-14T08:09:42.301+0200][0,913s] GC(0) Pause Young (Normal) (G1 Evacuation Pause)
[2022-10-14T08:09:42.301+0200][0,914s] GC(0) Using 8 workers of 8 for evacuation
[2022-10-14T08:09:42.305+0200][0,917s] GC(0)   Pre Evacuate Collection Set: 0,1ms
[2022-10-14T08:09:42.305+0200][0,917s] GC(0)   Merge Heap Roots: 0,1ms
[2022-10-14T08:09:42.305+0200][0,917s] GC(0)   Evacuate Collection Set: 3,0ms
[2022-10-14T08:09:42.305+0200][0,917s] GC(0)   Post Evacuate Collection Set: 0,6ms
[2022-10-14T08:09:42.305+0200][0,918s] GC(0)   Other: 0,1ms
[2022-10-14T08:09:42.305+0200][0,918s] GC(0) Eden regions: 29->0(67)
[2022-10-14T08:09:42.305+0200][0,918s] GC(0) Survivor regions: 0->4(4)
[2022-10-14T08:09:42.305+0200][0,918s] GC(0) Old regions: 0->1
[2022-10-14T08:09:42.305+0200][0,918s] GC(0) Archive regions: 2->2
[2022-10-14T08:09:42.305+0200][0,918s] GC(0) Humongous regions: 4->4
[2022-10-14T08:09:42.305+0200][0,918s] GC(0) Metaspace: 9700K(9984K)->9700K(9984K) NonClass: 8580K(8704K)->8580K(8704K) Class: 1119K(1280K)->1119K(1280K)
[2022-10-14T08:09:42.305+0200][0,918s] GC(0) Pause Young (Normal) (G1 Evacuation Pause) 33M->9M(512M) 4,262ms
[2022-10-14T08:09:42.305+0200][0,918s] GC(0) User=0,03s Sys=0,00s Real=0,00s
[2022-10-14T08:09:43.017+0200][1,629s] GC(1) Pause Young (Normal) (G1 Evacuation Pause)
[2022-10-14T08:09:43.017+0200][1,629s] GC(1) Using 8 workers of 8 for evacuation
[2022-10-14T08:09:43.026+0200][1,638s] GC(1)   Pre Evacuate Collection Set: 0,1ms
[2022-10-14T08:09:43.026+0200][1,638s] GC(1)   Merge Heap Roots: 0,0ms
[2022-10-14T08:09:43.026+0200][1,638s] GC(1)   Evacuate Collection Set: 7,6ms
[2022-10-14T08:09:43.026+0200][1,638s] GC(1)   Post Evacuate Collection Set: 0,8ms
[2022-10-14T08:09:43.026+0200][1,638s] GC(1)   Other: 0,1ms
[2022-10-14T08:09:43.026+0200][1,638s] GC(1) Eden regions: 60->0(67)
[2022-10-14T08:09:43.026+0200][1,638s] GC(1) Survivor regions: 4->8(8)
[2022-10-14T08:09:43.026+0200][1,638s] GC(1) Old regions: 1->11
[2022-10-14T08:09:43.026+0200][1,638s] GC(1) Archive regions: 2->2
[2022-10-14T08:09:43.026+0200][1,638s] GC(1) Humongous regions: 4->4
[2022-10-14T08:09:43.026+0200][1,638s] GC(1) Metaspace: 18565K(19008K)->18565K(19008K) NonClass: 16440K(16704K)->16440K(16704K) Class: 2125K(2304K)->2125K(2304K)
[2022-10-14T08:09:43.026+0200][1,638s] GC(1) Pause Young (Normal) (G1 Evacuation Pause) 69M->23M(512M) 8,871ms
[2022-10-14T08:09:43.026+0200][1,638s] GC(1) User=0,05s Sys=0,00s Real=0,01s
[2022-10-14T08:09:43.146+0200][1,758s] GC(2) Pause Young (Concurrent Start) (Metadata GC Threshold)
[2022-10-14T08:09:43.146+0200][1,758s] GC(2) Using 8 workers of 8 for evacuation
[2022-10-14T08:09:43.150+0200][1,762s] GC(2)   Pre Evacuate Collection Set: 0,1ms
[2022-10-14T08:09:43.150+0200][1,762s] GC(2)   Merge Heap Roots: 0,0ms
[2022-10-14T08:09:43.150+0200][1,762s] GC(2)   Evacuate Collection Set: 3,8ms
[2022-10-14T08:09:43.150+0200][1,762s] GC(2)   Post Evacuate Collection Set: 0,4ms
[2022-10-14T08:09:43.150+0200][1,762s] GC(2)   Other: 0,1ms
[2022-10-14T08:09:43.150+0200][1,762s] GC(2) Eden regions: 11->0(81)
[2022-10-14T08:09:43.150+0200][1,762s] GC(2) Survivor regions: 8->1(10)
[2022-10-14T08:09:43.150+0200][1,762s] GC(2) Old regions: 11->20
[2022-10-14T08:09:43.150+0200][1,762s] GC(2) Archive regions: 2->2
[2022-10-14T08:09:43.150+0200][1,762s] GC(2) Humongous regions: 4->4
[2022-10-14T08:09:43.150+0200][1,762s] GC(2) Metaspace: 21112K(21504K)->21112K(21504K) NonClass: 18771K(19008K)->18771K(19008K) Class: 2341K(2496K)->2341K(2496K)
[2022-10-14T08:09:43.150+0200][1,762s] GC(2) Pause Young (Concurrent Start) (Metadata GC Threshold) 34M->24M(512M) 4,745ms
[2022-10-14T08:09:43.150+0200][1,762s] GC(2) User=0,02s Sys=0,00s Real=0,01s
[2022-10-14T08:09:43.150+0200][1,762s] GC(3) Concurrent Mark Cycle
[2022-10-14T08:09:43.150+0200][1,763s] GC(3) Concurrent Clear Claimed Marks
[2022-10-14T08:09:43.150+0200][1,763s] GC(3) Concurrent Clear Claimed Marks 0,066ms
[2022-10-14T08:09:43.150+0200][1,763s] GC(3) Concurrent Scan Root Regions
[2022-10-14T08:09:43.152+0200][1,765s] GC(3) Concurrent Scan Root Regions 1,999ms
[2022-10-14T08:09:43.153+0200][1,765s] GC(3) Concurrent Mark
[2022-10-14T08:09:43.153+0200][1,765s] GC(3) Concurrent Mark From Roots
[2022-10-14T08:09:43.153+0200][1,765s] GC(3) Using 2 workers of 2 for marking
[2022-10-14T08:09:43.162+0200][1,774s] GC(3) Concurrent Mark From Roots 9,766ms
[2022-10-14T08:09:43.162+0200][1,775s] GC(3) Concurrent Preclean
[2022-10-14T08:09:43.162+0200][1,775s] GC(3) Concurrent Preclean 0,013ms
[2022-10-14T08:09:43.162+0200][1,775s] GC(3) Pause Remark
[2022-10-14T08:09:43.164+0200][1,776s] GC(3) Pause Remark 25M->25M(512M) 1,498ms
[2022-10-14T08:09:43.164+0200][1,776s] GC(3) User=0,00s Sys=0,00s Real=0,00s
[2022-10-14T08:09:43.164+0200][1,776s] GC(3) Concurrent Mark 11,539ms
[2022-10-14T08:09:43.164+0200][1,776s] GC(3) Concurrent Rebuild Remembered Sets
[2022-10-14T08:09:43.171+0200][1,783s] GC(3) Concurrent Rebuild Remembered Sets 6,829ms
[2022-10-14T08:09:43.171+0200][1,783s] GC(3) Pause Cleanup
[2022-10-14T08:09:43.171+0200][1,783s] GC(3) Pause Cleanup 26M->26M(512M) 0,114ms
[2022-10-14T08:09:43.171+0200][1,783s] GC(3) User=0,00s Sys=0,00s Real=0,00s
[2022-10-14T08:09:43.171+0200][1,783s] GC(3) Concurrent Cleanup for Next Mark
[2022-10-14T08:09:43.172+0200][1,784s] GC(3) Concurrent Cleanup for Next Mark 0,838ms
[2022-10-14T08:09:43.172+0200][1,784s] GC(3) Concurrent Mark Cycle 21,958ms
[2022-10-14T08:09:44.261+0200][2,873s] GC(4) Pause Young (Normal) (G1 Evacuation Pause)
[2022-10-14T08:09:44.261+0200][2,874s] GC(4) Using 8 workers of 8 for evacuation
[2022-10-14T08:09:44.264+0200][2,876s] GC(4)   Pre Evacuate Collection Set: 0,1ms
[2022-10-14T08:09:44.264+0200][2,876s] GC(4)   Merge Heap Roots: 0,0ms
[2022-10-14T08:09:44.264+0200][2,876s] GC(4)   Evacuate Collection Set: 2,3ms
[2022-10-14T08:09:44.264+0200][2,876s] GC(4)   Post Evacuate Collection Set: 0,4ms
[2022-10-14T08:09:44.264+0200][2,876s] GC(4)   Other: 0,1ms
[2022-10-14T08:09:44.264+0200][2,876s] GC(4) Eden regions: 81->0(303)
[2022-10-14T08:09:44.264+0200][2,876s] GC(4) Survivor regions: 1->4(11)
[2022-10-14T08:09:44.264+0200][2,876s] GC(4) Old regions: 20->20
[2022-10-14T08:09:44.264+0200][2,876s] GC(4) Archive regions: 2->2
[2022-10-14T08:09:44.264+0200][2,876s] GC(4) Humongous regions: 4->4
[2022-10-14T08:09:44.264+0200][2,876s] GC(4) Metaspace: 30392K(30784K)->30392K(30784K) NonClass: 26983K(27200K)->26983K(27200K) Class: 3408K(3584K)->3408K(3584K)
[2022-10-14T08:09:44.264+0200][2,877s] GC(4) Pause Young (Normal) (G1 Evacuation Pause) 105M->27M(512M) 3,080ms
[2022-10-14T08:09:44.264+0200][2,877s] GC(4) User=0,02s Sys=0,01s Real=0,00s
[2022-10-14T08:09:44.850+0200][3,462s] GC(5) Pause Young (Concurrent Start) (Metadata GC Threshold)
[2022-10-14T08:09:44.850+0200][3,462s] GC(5) Using 8 workers of 8 for evacuation
[2022-10-14T08:09:44.855+0200][3,467s] GC(5)   Pre Evacuate Collection Set: 0,1ms
[2022-10-14T08:09:44.855+0200][3,467s] GC(5)   Merge Heap Roots: 0,0ms
[2022-10-14T08:09:44.855+0200][3,467s] GC(5)   Evacuate Collection Set: 4,0ms
[2022-10-14T08:09:44.855+0200][3,467s] GC(5)   Post Evacuate Collection Set: 0,6ms
[2022-10-14T08:09:44.855+0200][3,467s] GC(5)   Other: 0,1ms
[2022-10-14T08:09:44.855+0200][3,467s] GC(5) Eden regions: 153->0(295)
[2022-10-14T08:09:44.855+0200][3,467s] GC(5) Survivor regions: 4->12(39)
[2022-10-14T08:09:44.855+0200][3,467s] GC(5) Old regions: 20->20
[2022-10-14T08:09:44.855+0200][3,467s] GC(5) Archive regions: 2->2
[2022-10-14T08:09:44.855+0200][3,467s] GC(5) Humongous regions: 7->5
[2022-10-14T08:09:44.855+0200][3,467s] GC(5) Metaspace: 35697K(36160K)->35697K(36160K) NonClass: 31641K(31872K)->31641K(31872K) Class: 4055K(4288K)->4055K(4288K)
[2022-10-14T08:09:44.855+0200][3,467s] GC(5) Pause Young (Concurrent Start) (Metadata GC Threshold) 183M->36M(512M) 5,126ms
[2022-10-14T08:09:44.855+0200][3,467s] GC(6) Concurrent Mark Cycle
[2022-10-14T08:09:44.855+0200][3,467s] GC(5) User=0,03s Sys=0,00s Real=0,00s
[2022-10-14T08:09:44.855+0200][3,467s] GC(6) Concurrent Clear Claimed Marks
[2022-10-14T08:09:44.855+0200][3,467s] GC(6) Concurrent Clear Claimed Marks 0,050ms
[2022-10-14T08:09:44.855+0200][3,467s] GC(6) Concurrent Scan Root Regions
[2022-10-14T08:09:44.858+0200][3,470s] GC(6) Concurrent Scan Root Regions 2,756ms
[2022-10-14T08:09:44.858+0200][3,470s] GC(6) Concurrent Mark
[2022-10-14T08:09:44.858+0200][3,470s] GC(6) Concurrent Mark From Roots
[2022-10-14T08:09:44.858+0200][3,470s] GC(6) Using 2 workers of 2 for marking
[2022-10-14T08:09:44.870+0200][3,483s] GC(6) Concurrent Mark From Roots 12,747ms
[2022-10-14T08:09:44.870+0200][3,483s] GC(6) Concurrent Preclean
[2022-10-14T08:09:44.871+0200][3,483s] GC(6) Concurrent Preclean 0,074ms
[2022-10-14T08:09:44.871+0200][3,483s] GC(6) Pause Remark
[2022-10-14T08:09:44.873+0200][3,485s] GC(6) Pause Remark 37M->37M(512M) 2,101ms
[2022-10-14T08:09:44.873+0200][3,485s] GC(6) User=0,01s Sys=0,00s Real=0,00s
[2022-10-14T08:09:44.873+0200][3,485s] GC(6) Concurrent Mark 15,263ms
[2022-10-14T08:09:44.873+0200][3,485s] GC(6) Concurrent Rebuild Remembered Sets
[2022-10-14T08:09:44.881+0200][3,494s] GC(6) Concurrent Rebuild Remembered Sets 8,476ms
[2022-10-14T08:09:44.882+0200][3,494s] GC(6) Pause Cleanup
[2022-10-14T08:09:44.882+0200][3,494s] GC(6) Pause Cleanup 38M->38M(512M) 0,109ms
[2022-10-14T08:09:44.882+0200][3,494s] GC(6) User=0,00s Sys=0,00s Real=0,00s
[2022-10-14T08:09:44.882+0200][3,494s] GC(6) Concurrent Cleanup for Next Mark
[2022-10-14T08:09:44.882+0200][3,495s] GC(6) Concurrent Cleanup for Next Mark 0,721ms
[2022-10-14T08:09:44.882+0200][3,495s] GC(6) Concurrent Mark Cycle 27,756ms
[2022-10-14T10:18:44.991+0200][7743,603s] GC(7) Pause Young (Normal) (G1 Evacuation Pause)
[2022-10-14T10:18:44.993+0200][7743,605s] GC(7) Using 8 workers of 8 for evacuation
[2022-10-14T10:18:45.011+0200][7743,623s] GC(7)   Pre Evacuate Collection Set: 0,1ms
[2022-10-14T10:18:45.011+0200][7743,623s] GC(7)   Merge Heap Roots: 0,5ms
[2022-10-14T10:18:45.011+0200][7743,623s] GC(7)   Evacuate Collection Set: 13,9ms
[2022-10-14T10:18:45.011+0200][7743,623s] GC(7)   Post Evacuate Collection Set: 2,0ms
[2022-10-14T10:18:45.011+0200][7743,623s] GC(7)   Other: 2,2ms
[2022-10-14T10:18:45.011+0200][7743,623s] GC(7) Eden regions: 295->0(281)
[2022-10-14T10:18:45.011+0200][7743,623s] GC(7) Survivor regions: 12->26(39)
[2022-10-14T10:18:45.011+0200][7743,623s] GC(7) Old regions: 20->20
[2022-10-14T10:18:45.011+0200][7743,623s] GC(7) Archive regions: 2->2
[2022-10-14T10:18:45.011+0200][7743,623s] GC(7) Humongous regions: 8->8
[2022-10-14T10:18:45.011+0200][7743,623s] GC(7) Metaspace: 50378K(50880K)->50378K(50880K) NonClass: 44652K(44928K)->44652K(44928K) Class: 5726K(5952K)->5726K(5952K)
[2022-10-14T10:18:45.011+0200][7743,623s] GC(7) Pause Young (Normal) (G1 Evacuation Pause) 334M->53M(512M) 20,910ms
[2022-10-14T10:18:45.011+0200][7743,623s] GC(7) User=0,12s Sys=0,00s Real=0,02s
[2022-10-14T11:49:31.304+0200][13049,319s] Heap
[2022-10-14T11:49:31.304+0200][13049,319s]  garbage-first heap   total 524288K, used 147059K [0x00000000e0000000, 0x0000000100000000)
[2022-10-14T11:49:31.304+0200][13049,319s]   region size 1024K, 116 young (118784K), 26 survivors (26624K)
[2022-10-14T11:49:31.304+0200][13049,319s]  Metaspace       used 51627K, committed 52160K, reserved 1114112K
[2022-10-14T11:49:31.304+0200][13049,319s]   class space    used 5805K, committed 6016K, reserved 1048576K
