[2022-10-20T08:13:45.554+0200][0.007s] CardTable entry size: 512
[2022-10-20T08:13:45.554+0200][0.007s] Using G1
[2022-10-20T08:13:45.620+0200][0.073s] Version: 18+36-2087 (release)
[2022-10-20T08:13:45.620+0200][0.073s] CPUs: 8 total, 8 available
[2022-10-20T08:13:45.620+0200][0.073s] Memory: 13915M
[2022-10-20T08:13:45.620+0200][0.073s] Large Page Support: Disabled
[2022-10-20T08:13:45.620+0200][0.073s] NUMA Support: Disabled
[2022-10-20T08:13:45.620+0200][0.073s] Compressed Oops: Enabled (32-bit)
[2022-10-20T08:13:45.620+0200][0.073s] Heap Region Size: 1M
[2022-10-20T08:13:45.620+0200][0.073s] Heap Min Capacity: 512M
[2022-10-20T08:13:45.620+0200][0.073s] Heap Initial Capacity: 512M
[2022-10-20T08:13:45.620+0200][0.073s] Heap Max Capacity: 512M
[2022-10-20T08:13:45.620+0200][0.073s] Pre-touch: Enabled
[2022-10-20T08:13:45.620+0200][0.073s] Parallel Workers: 8
[2022-10-20T08:13:45.620+0200][0.073s] Concurrent Workers: 2
[2022-10-20T08:13:45.620+0200][0.073s] Concurrent Refinement Workers: 8
[2022-10-20T08:13:45.620+0200][0.073s] Periodic GC: Disabled
[2022-10-20T08:13:45.620+0200][0.073s] CDS archive(s) mapped at: [0x0000000800000000-0x0000000800bae000-0x0000000800bae000), size 12247040, SharedBaseAddress: 0x0000000800000000, ArchiveRelocationMode: 0.
[2022-10-20T08:13:45.620+0200][0.073s] Compressed class space mapped at: 0x0000000800c00000-0x0000000840c00000, reserved size: 1073741824
[2022-10-20T08:13:45.620+0200][0.073s] Narrow klass base: 0x0000000800000000, Narrow klass shift: 0, Narrow klass range: 0x100000000
[2022-10-20T08:13:46.614+0200][1,067s] GC(0) Pause Young (Normal) (G1 Evacuation Pause)
[2022-10-20T08:13:46.614+0200][1,068s] GC(0) Using 8 workers of 8 for evacuation
[2022-10-20T08:13:46.619+0200][1,072s] GC(0)   Pre Evacuate Collection Set: 0,1ms
[2022-10-20T08:13:46.619+0200][1,072s] GC(0)   Merge Heap Roots: 0,1ms
[2022-10-20T08:13:46.619+0200][1,073s] GC(0)   Evacuate Collection Set: 3,8ms
[2022-10-20T08:13:46.619+0200][1,073s] GC(0)   Post Evacuate Collection Set: 0,8ms
[2022-10-20T08:13:46.619+0200][1,073s] GC(0)   Other: 0,1ms
[2022-10-20T08:13:46.619+0200][1,073s] GC(0) Eden regions: 29->0(66)
[2022-10-20T08:13:46.619+0200][1,073s] GC(0) Survivor regions: 0->4(4)
[2022-10-20T08:13:46.619+0200][1,073s] GC(0) Old regions: 0->2
[2022-10-20T08:13:46.619+0200][1,073s] GC(0) Archive regions: 2->2
[2022-10-20T08:13:46.619+0200][1,073s] GC(0) Humongous regions: 4->4
[2022-10-20T08:13:46.619+0200][1,073s] GC(0) Metaspace: 9685K(9984K)->9685K(9984K) NonClass: 8566K(8704K)->8566K(8704K) Class: 1119K(1280K)->1119K(1280K)
[2022-10-20T08:13:46.619+0200][1,073s] GC(0) Pause Young (Normal) (G1 Evacuation Pause) 33M->10M(512M) 5,256ms
[2022-10-20T08:13:46.619+0200][1,073s] GC(0) User=0,03s Sys=0,01s Real=0,00s
[2022-10-20T08:13:47.562+0200][2,015s] GC(1) Pause Young (Normal) (G1 Evacuation Pause)
[2022-10-20T08:13:47.562+0200][2,015s] GC(1) Using 8 workers of 8 for evacuation
[2022-10-20T08:13:47.572+0200][2,026s] GC(1)   Pre Evacuate Collection Set: 0,1ms
[2022-10-20T08:13:47.572+0200][2,026s] GC(1)   Merge Heap Roots: 0,1ms
[2022-10-20T08:13:47.572+0200][2,026s] GC(1)   Evacuate Collection Set: 8,7ms
[2022-10-20T08:13:47.572+0200][2,026s] GC(1)   Post Evacuate Collection Set: 1,3ms
[2022-10-20T08:13:47.572+0200][2,026s] GC(1)   Other: 0,1ms
[2022-10-20T08:13:47.572+0200][2,026s] GC(1) Eden regions: 57->0(65)
[2022-10-20T08:13:47.572+0200][2,026s] GC(1) Survivor regions: 4->8(8)
[2022-10-20T08:13:47.572+0200][2,026s] GC(1) Old regions: 2->11
[2022-10-20T08:13:47.572+0200][2,026s] GC(1) Archive regions: 2->2
[2022-10-20T08:13:47.572+0200][2,026s] GC(1) Humongous regions: 4->4
[2022-10-20T08:13:47.572+0200][2,026s] GC(1) Metaspace: 18562K(18944K)->18562K(18944K) NonClass: 16438K(16640K)->16438K(16640K) Class: 2124K(2304K)->2124K(2304K)
[2022-10-20T08:13:47.573+0200][2,026s] GC(1) Pause Young (Normal) (G1 Evacuation Pause) 67M->23M(512M) 10,611ms
[2022-10-20T08:13:47.573+0200][2,026s] GC(1) User=0,05s Sys=0,01s Real=0,01s
[2022-10-20T08:13:47.719+0200][2,172s] GC(2) Pause Young (Concurrent Start) (Metadata GC Threshold)
[2022-10-20T08:13:47.719+0200][2,172s] GC(2) Using 8 workers of 8 for evacuation
[2022-10-20T08:13:47.725+0200][2,179s] GC(2)   Pre Evacuate Collection Set: 0,3ms
[2022-10-20T08:13:47.725+0200][2,179s] GC(2)   Merge Heap Roots: 0,1ms
[2022-10-20T08:13:47.725+0200][2,179s] GC(2)   Evacuate Collection Set: 4,7ms
[2022-10-20T08:13:47.725+0200][2,179s] GC(2)   Post Evacuate Collection Set: 0,9ms
[2022-10-20T08:13:47.725+0200][2,179s] GC(2)   Other: 0,2ms
[2022-10-20T08:13:47.725+0200][2,179s] GC(2) Eden regions: 14->0(78)
[2022-10-20T08:13:47.725+0200][2,179s] GC(2) Survivor regions: 8->1(10)
[2022-10-20T08:13:47.725+0200][2,179s] GC(2) Old regions: 11->20
[2022-10-20T08:13:47.725+0200][2,179s] GC(2) Archive regions: 2->2
[2022-10-20T08:13:47.726+0200][2,179s] GC(2) Humongous regions: 4->4
[2022-10-20T08:13:47.726+0200][2,179s] GC(2) Metaspace: 21120K(21504K)->21120K(21504K) NonClass: 18776K(18944K)->18776K(18944K) Class: 2344K(2560K)->2344K(2560K)
[2022-10-20T08:13:47.726+0200][2,179s] GC(2) Pause Young (Concurrent Start) (Metadata GC Threshold) 37M->24M(512M) 6,719ms
[2022-10-20T08:13:47.726+0200][2,179s] GC(2) User=0,03s Sys=0,00s Real=0,01s
[2022-10-20T08:13:47.726+0200][2,179s] GC(3) Concurrent Mark Cycle
[2022-10-20T08:13:47.726+0200][2,179s] GC(3) Concurrent Clear Claimed Marks
[2022-10-20T08:13:47.726+0200][2,179s] GC(3) Concurrent Clear Claimed Marks 0,062ms
[2022-10-20T08:13:47.726+0200][2,179s] GC(3) Concurrent Scan Root Regions
[2022-10-20T08:13:47.728+0200][2,181s] GC(3) Concurrent Scan Root Regions 2,233ms
[2022-10-20T08:13:47.728+0200][2,181s] GC(3) Concurrent Mark
[2022-10-20T08:13:47.728+0200][2,181s] GC(3) Concurrent Mark From Roots
[2022-10-20T08:13:47.728+0200][2,182s] GC(3) Using 2 workers of 2 for marking
[2022-10-20T08:13:47.743+0200][2,196s] GC(3) Concurrent Mark From Roots 14,861ms
[2022-10-20T08:13:47.743+0200][2,196s] GC(3) Concurrent Preclean
[2022-10-20T08:13:47.743+0200][2,196s] GC(3) Concurrent Preclean 0,047ms
[2022-10-20T08:13:47.743+0200][2,197s] GC(3) Pause Remark
[2022-10-20T08:13:47.746+0200][2,199s] GC(3) Pause Remark 26M->26M(512M) 2,100ms
[2022-10-20T08:13:47.746+0200][2,199s] GC(3) User=0,01s Sys=0,00s Real=0,00s
[2022-10-20T08:13:47.746+0200][2,199s] GC(3) Concurrent Mark 17,488ms
[2022-10-20T08:13:47.746+0200][2,199s] GC(3) Concurrent Rebuild Remembered Sets
[2022-10-20T08:13:47.756+0200][2,209s] GC(3) Concurrent Rebuild Remembered Sets 10,439ms
[2022-10-20T08:13:47.756+0200][2,210s] GC(3) Pause Cleanup
[2022-10-20T08:13:47.756+0200][2,210s] GC(3) Pause Cleanup 27M->27M(512M) 0,186ms
[2022-10-20T08:13:47.757+0200][2,210s] GC(3) User=0,00s Sys=0,00s Real=0,00s
[2022-10-20T08:13:47.757+0200][2,210s] GC(3) Concurrent Cleanup for Next Mark
[2022-10-20T08:13:47.757+0200][2,211s] GC(3) Concurrent Cleanup for Next Mark 0,769ms
[2022-10-20T08:13:47.757+0200][2,211s] GC(3) Concurrent Mark Cycle 31,746ms
[2022-10-20T08:13:49.030+0200][3,483s] GC(4) Pause Young (Normal) (G1 Evacuation Pause)
[2022-10-20T08:13:49.030+0200][3,483s] GC(4) Using 8 workers of 8 for evacuation
[2022-10-20T08:13:49.035+0200][3,488s] GC(4)   Pre Evacuate Collection Set: 0,1ms
[2022-10-20T08:13:49.035+0200][3,488s] GC(4)   Merge Heap Roots: 0,1ms
[2022-10-20T08:13:49.035+0200][3,488s] GC(4)   Evacuate Collection Set: 3,6ms
[2022-10-20T08:13:49.035+0200][3,488s] GC(4)   Post Evacuate Collection Set: 1,0ms
[2022-10-20T08:13:49.035+0200][3,488s] GC(4)   Other: 0,1ms
[2022-10-20T08:13:49.035+0200][3,489s] GC(4) Eden regions: 78->0(302)
[2022-10-20T08:13:49.035+0200][3,489s] GC(4) Survivor regions: 1->5(10)
[2022-10-20T08:13:49.035+0200][3,489s] GC(4) Old regions: 20->20
[2022-10-20T08:13:49.035+0200][3,489s] GC(4) Archive regions: 2->2
[2022-10-20T08:13:49.035+0200][3,489s] GC(4) Humongous regions: 4->4
[2022-10-20T08:13:49.035+0200][3,489s] GC(4) Metaspace: 31701K(32128K)->31701K(32128K) NonClass: 28131K(28352K)->28131K(28352K) Class: 3570K(3776K)->3570K(3776K)
[2022-10-20T08:13:49.035+0200][3,489s] GC(4) Pause Young (Normal) (G1 Evacuation Pause) 102M->28M(512M) 5,230ms
[2022-10-20T08:13:49.035+0200][3,489s] GC(4) User=0,03s Sys=0,00s Real=0,00s
[2022-10-20T08:13:49.670+0200][4,123s] GC(5) Pause Young (Concurrent Start) (Metadata GC Threshold)
[2022-10-20T08:13:49.670+0200][4,123s] GC(5) Using 8 workers of 8 for evacuation
[2022-10-20T08:13:49.676+0200][4,129s] GC(5)   Pre Evacuate Collection Set: 0,2ms
[2022-10-20T08:13:49.676+0200][4,129s] GC(5)   Merge Heap Roots: 0,1ms
[2022-10-20T08:13:49.676+0200][4,129s] GC(5)   Evacuate Collection Set: 4,2ms
[2022-10-20T08:13:49.676+0200][4,129s] GC(5)   Post Evacuate Collection Set: 1,0ms
[2022-10-20T08:13:49.676+0200][4,129s] GC(5)   Other: 0,2ms
[2022-10-20T08:13:49.676+0200][4,129s] GC(5) Eden regions: 144->0(295)
[2022-10-20T08:13:49.676+0200][4,129s] GC(5) Survivor regions: 5->12(39)
[2022-10-20T08:13:49.676+0200][4,129s] GC(5) Old regions: 20->20
[2022-10-20T08:13:49.676+0200][4,129s] GC(5) Archive regions: 2->2
[2022-10-20T08:13:49.676+0200][4,129s] GC(5) Humongous regions: 7->5
[2022-10-20T08:13:49.676+0200][4,129s] GC(5) Metaspace: 36007K(36416K)->36007K(36416K) NonClass: 31922K(32128K)->31922K(32128K) Class: 4084K(4288K)->4084K(4288K)
[2022-10-20T08:13:49.676+0200][4,129s] GC(5) Pause Young (Concurrent Start) (Metadata GC Threshold) 175M->36M(512M) 5,965ms
[2022-10-20T08:13:49.676+0200][4,129s] GC(5) User=0,04s Sys=0,00s Real=0,00s
[2022-10-20T08:13:49.676+0200][4,129s] GC(6) Concurrent Mark Cycle
[2022-10-20T08:13:49.676+0200][4,129s] GC(6) Concurrent Clear Claimed Marks
[2022-10-20T08:13:49.676+0200][4,129s] GC(6) Concurrent Clear Claimed Marks 0,055ms
[2022-10-20T08:13:49.676+0200][4,129s] GC(6) Concurrent Scan Root Regions
[2022-10-20T08:13:49.679+0200][4,133s] GC(6) Concurrent Scan Root Regions 3,314ms
[2022-10-20T08:13:49.680+0200][4,133s] GC(6) Concurrent Mark
[2022-10-20T08:13:49.680+0200][4,133s] GC(6) Concurrent Mark From Roots
[2022-10-20T08:13:49.680+0200][4,133s] GC(6) Using 2 workers of 2 for marking
[2022-10-20T08:13:49.693+0200][4,147s] GC(6) Concurrent Mark From Roots 13,720ms
[2022-10-20T08:13:49.693+0200][4,147s] GC(6) Concurrent Preclean
[2022-10-20T08:13:49.693+0200][4,147s] GC(6) Concurrent Preclean 0,145ms
[2022-10-20T08:13:49.694+0200][4,147s] GC(6) Pause Remark
[2022-10-20T08:13:49.696+0200][4,149s] GC(6) Pause Remark 40M->40M(512M) 2,163ms
[2022-10-20T08:13:49.696+0200][4,149s] GC(6) User=0,01s Sys=0,00s Real=0,00s
[2022-10-20T08:13:49.696+0200][4,149s] GC(6) Concurrent Mark 16,439ms
[2022-10-20T08:13:49.696+0200][4,149s] GC(6) Concurrent Rebuild Remembered Sets
[2022-10-20T08:13:49.704+0200][4,157s] GC(6) Concurrent Rebuild Remembered Sets 7,638ms
[2022-10-20T08:13:49.704+0200][4,157s] GC(6) Pause Cleanup
[2022-10-20T08:13:49.704+0200][4,157s] GC(6) Pause Cleanup 51M->51M(512M) 0,146ms
[2022-10-20T08:13:49.704+0200][4,157s] GC(6) User=0,00s Sys=0,00s Real=0,00s
[2022-10-20T08:13:49.704+0200][4,157s] GC(6) Concurrent Cleanup for Next Mark
[2022-10-20T08:13:49.705+0200][4,158s] GC(6) Concurrent Cleanup for Next Mark 0,820ms
[2022-10-20T08:13:49.705+0200][4,158s] GC(6) Concurrent Mark Cycle 28,928ms
[2022-10-20T12:23:50.218+0200][15004,672s] GC(7) Pause Young (Normal) (G1 Evacuation Pause)
[2022-10-20T12:23:50.221+0200][15004,674s] GC(7) Using 8 workers of 8 for evacuation
[2022-10-20T12:23:50.237+0200][15004,690s] GC(7)   Pre Evacuate Collection Set: 0,2ms
[2022-10-20T12:23:50.237+0200][15004,691s] GC(7)   Merge Heap Roots: 0,2ms
[2022-10-20T12:23:50.237+0200][15004,691s] GC(7)   Evacuate Collection Set: 13,6ms
[2022-10-20T12:23:50.237+0200][15004,691s] GC(7)   Post Evacuate Collection Set: 2,2ms
[2022-10-20T12:23:50.237+0200][15004,691s] GC(7)   Other: 0,3ms
[2022-10-20T12:23:50.237+0200][15004,691s] GC(7) Eden regions: 295->0(282)
[2022-10-20T12:23:50.237+0200][15004,691s] GC(7) Survivor regions: 12->25(39)
[2022-10-20T12:23:50.237+0200][15004,691s] GC(7) Old regions: 20->20
[2022-10-20T12:23:50.237+0200][15004,691s] GC(7) Archive regions: 2->2
[2022-10-20T12:23:50.237+0200][15004,691s] GC(7) Humongous regions: 8->8
[2022-10-20T12:23:50.237+0200][15004,691s] GC(7) Metaspace: 48224K(48768K)->48224K(48768K) NonClass: 42668K(42944K)->42668K(42944K) Class: 5555K(5824K)->5555K(5824K)
[2022-10-20T12:23:50.238+0200][15004,691s] GC(7) Pause Young (Normal) (G1 Evacuation Pause) 334M->52M(512M) 19,232ms
[2022-10-20T12:23:50.238+0200][15004,691s] GC(7) User=0,12s Sys=0,01s Real=0,02s
[2022-10-20T15:15:41.448+0200][23998,785s] Heap
[2022-10-20T15:15:41.448+0200][23998,785s]  garbage-first heap   total 524288K, used 163115K [0x00000000e0000000, 0x0000000100000000)
[2022-10-20T15:15:41.448+0200][23998,785s]   region size 1024K, 132 young (135168K), 25 survivors (25600K)
[2022-10-20T15:15:41.448+0200][23998,785s]  Metaspace       used 48761K, committed 49216K, reserved 1114112K
[2022-10-20T15:15:41.448+0200][23998,785s]   class space    used 5596K, committed 5824K, reserved 1048576K
