[2022-10-17T08:52:43.466+0200][0.010s] CardTable entry size: 512
[2022-10-17T08:52:43.467+0200][0.011s] Using G1
[2022-10-17T08:52:43.579+0200][0.122s] Version: 18+36-2087 (release)
[2022-10-17T08:52:43.579+0200][0.122s] CPUs: 8 total, 8 available
[2022-10-17T08:52:43.579+0200][0.123s] Memory: 13915M
[2022-10-17T08:52:43.579+0200][0.123s] Large Page Support: Disabled
[2022-10-17T08:52:43.579+0200][0.123s] NUMA Support: Disabled
[2022-10-17T08:52:43.579+0200][0.123s] Compressed Oops: Enabled (32-bit)
[2022-10-17T08:52:43.579+0200][0.123s] Heap Region Size: 1M
[2022-10-17T08:52:43.579+0200][0.123s] Heap Min Capacity: 512M
[2022-10-17T08:52:43.579+0200][0.123s] Heap Initial Capacity: 512M
[2022-10-17T08:52:43.579+0200][0.123s] Heap Max Capacity: 512M
[2022-10-17T08:52:43.579+0200][0.123s] Pre-touch: Enabled
[2022-10-17T08:52:43.579+0200][0.123s] Parallel Workers: 8
[2022-10-17T08:52:43.579+0200][0.123s] Concurrent Workers: 2
[2022-10-17T08:52:43.579+0200][0.123s] Concurrent Refinement Workers: 8
[2022-10-17T08:52:43.579+0200][0.123s] Periodic GC: Disabled
[2022-10-17T08:52:43.579+0200][0.123s] CDS archive(s) mapped at: [0x0000000800000000-0x0000000800bae000-0x0000000800bae000), size 12247040, SharedBaseAddress: 0x0000000800000000, ArchiveRelocationMode: 0.
[2022-10-17T08:52:43.579+0200][0.123s] Compressed class space mapped at: 0x0000000800c00000-0x0000000840c00000, reserved size: 1073741824
[2022-10-17T08:52:43.579+0200][0.123s] Narrow klass base: 0x0000000800000000, Narrow klass shift: 0, Narrow klass range: 0x100000000
[2022-10-17T08:52:45.105+0200][1,648s] GC(0) Pause Young (Normal) (G1 Evacuation Pause)
[2022-10-17T08:52:45.105+0200][1,649s] GC(0) Using 8 workers of 8 for evacuation
[2022-10-17T08:52:45.112+0200][1,655s] GC(0)   Pre Evacuate Collection Set: 0,1ms
[2022-10-17T08:52:45.112+0200][1,656s] GC(0)   Merge Heap Roots: 0,2ms
[2022-10-17T08:52:45.112+0200][1,656s] GC(0)   Evacuate Collection Set: 5,1ms
[2022-10-17T08:52:45.112+0200][1,656s] GC(0)   Post Evacuate Collection Set: 1,2ms
[2022-10-17T08:52:45.112+0200][1,656s] GC(0)   Other: 0,2ms
[2022-10-17T08:52:45.112+0200][1,656s] GC(0) Eden regions: 29->0(65)
[2022-10-17T08:52:45.112+0200][1,656s] GC(0) Survivor regions: 0->4(4)
[2022-10-17T08:52:45.112+0200][1,656s] GC(0) Old regions: 0->2
[2022-10-17T08:52:45.112+0200][1,656s] GC(0) Archive regions: 2->2
[2022-10-17T08:52:45.112+0200][1,656s] GC(0) Humongous regions: 4->4
[2022-10-17T08:52:45.112+0200][1,656s] GC(0) Metaspace: 9728K(10048K)->9728K(10048K) NonClass: 8608K(8768K)->8608K(8768K) Class: 1119K(1280K)->1119K(1280K)
[2022-10-17T08:52:45.112+0200][1,656s] GC(0) Pause Young (Normal) (G1 Evacuation Pause) 33M->10M(512M) 7,546ms
[2022-10-17T08:52:45.112+0200][1,656s] GC(0) User=0,04s Sys=0,01s Real=0,01s
[2022-10-17T08:52:46.532+0200][3,076s] GC(1) Pause Young (Normal) (G1 Evacuation Pause)
[2022-10-17T08:52:46.532+0200][3,076s] GC(1) Using 8 workers of 8 for evacuation
[2022-10-17T08:52:46.547+0200][3,090s] GC(1)   Pre Evacuate Collection Set: 0,1ms
[2022-10-17T08:52:46.547+0200][3,090s] GC(1)   Merge Heap Roots: 0,1ms
[2022-10-17T08:52:46.547+0200][3,090s] GC(1)   Evacuate Collection Set: 11,7ms
[2022-10-17T08:52:46.547+0200][3,090s] GC(1)   Post Evacuate Collection Set: 2,1ms
[2022-10-17T08:52:46.547+0200][3,090s] GC(1)   Other: 0,2ms
[2022-10-17T08:52:46.547+0200][3,090s] GC(1) Eden regions: 54->0(63)
[2022-10-17T08:52:46.547+0200][3,090s] GC(1) Survivor regions: 4->8(8)
[2022-10-17T08:52:46.547+0200][3,090s] GC(1) Old regions: 2->11
[2022-10-17T08:52:46.547+0200][3,090s] GC(1) Archive regions: 2->2
[2022-10-17T08:52:46.547+0200][3,090s] GC(1) Humongous regions: 4->4
[2022-10-17T08:52:46.547+0200][3,090s] GC(1) Metaspace: 18424K(18816K)->18424K(18816K) NonClass: 16323K(16512K)->16323K(16512K) Class: 2100K(2304K)->2100K(2304K)
[2022-10-17T08:52:46.547+0200][3,091s] GC(1) Pause Young (Normal) (G1 Evacuation Pause) 64M->23M(512M) 14,740ms
[2022-10-17T08:52:46.547+0200][3,091s] GC(1) User=0,08s Sys=0,01s Real=0,02s
[2022-10-17T08:52:46.834+0200][3,377s] GC(2) Pause Young (Concurrent Start) (Metadata GC Threshold)
[2022-10-17T08:52:46.834+0200][3,378s] GC(2) Using 8 workers of 8 for evacuation
[2022-10-17T08:52:46.843+0200][3,387s] GC(2)   Pre Evacuate Collection Set: 0,3ms
[2022-10-17T08:52:46.843+0200][3,387s] GC(2)   Merge Heap Roots: 0,2ms
[2022-10-17T08:52:46.843+0200][3,387s] GC(2)   Evacuate Collection Set: 7,0ms
[2022-10-17T08:52:46.843+0200][3,387s] GC(2)   Post Evacuate Collection Set: 1,2ms
[2022-10-17T08:52:46.843+0200][3,387s] GC(2)   Other: 0,2ms
[2022-10-17T08:52:46.843+0200][3,387s] GC(2) Eden regions: 17->0(75)
[2022-10-17T08:52:46.843+0200][3,387s] GC(2) Survivor regions: 8->1(9)
[2022-10-17T08:52:46.843+0200][3,387s] GC(2) Old regions: 11->19
[2022-10-17T08:52:46.843+0200][3,387s] GC(2) Archive regions: 2->2
[2022-10-17T08:52:46.843+0200][3,387s] GC(2) Humongous regions: 4->4
[2022-10-17T08:52:46.843+0200][3,387s] GC(2) Metaspace: 21161K(21504K)->21161K(21504K) NonClass: 18820K(19008K)->18820K(19008K) Class: 2341K(2496K)->2341K(2496K)
[2022-10-17T08:52:46.844+0200][3,387s] GC(2) Pause Young (Concurrent Start) (Metadata GC Threshold) 40M->24M(512M) 9,741ms
[2022-10-17T08:52:46.844+0200][3,387s] GC(2) User=0,04s Sys=0,01s Real=0,00s
[2022-10-17T08:52:46.844+0200][3,387s] GC(3) Concurrent Mark Cycle
[2022-10-17T08:52:46.844+0200][3,387s] GC(3) Concurrent Clear Claimed Marks
[2022-10-17T08:52:46.844+0200][3,387s] GC(3) Concurrent Clear Claimed Marks 0,101ms
[2022-10-17T08:52:46.844+0200][3,388s] GC(3) Concurrent Scan Root Regions
[2022-10-17T08:52:46.848+0200][3,391s] GC(3) Concurrent Scan Root Regions 3,573ms
[2022-10-17T08:52:46.848+0200][3,391s] GC(3) Concurrent Mark
[2022-10-17T08:52:46.848+0200][3,391s] GC(3) Concurrent Mark From Roots
[2022-10-17T08:52:46.848+0200][3,391s] GC(3) Using 2 workers of 2 for marking
[2022-10-17T08:52:46.865+0200][3,408s] GC(3) Concurrent Mark From Roots 16,874ms
[2022-10-17T08:52:46.865+0200][3,408s] GC(3) Concurrent Preclean
[2022-10-17T08:52:46.865+0200][3,408s] GC(3) Concurrent Preclean 0,146ms
[2022-10-17T08:52:46.865+0200][3,409s] GC(3) Pause Remark
[2022-10-17T08:52:46.869+0200][3,412s] GC(3) Pause Remark 25M->25M(512M) 3,310ms
[2022-10-17T08:52:46.869+0200][3,412s] GC(3) User=0,01s Sys=0,00s Real=0,00s
[2022-10-17T08:52:46.869+0200][3,412s] GC(3) Concurrent Mark 21,260ms
[2022-10-17T08:52:46.869+0200][3,413s] GC(3) Concurrent Rebuild Remembered Sets
[2022-10-17T08:52:46.880+0200][3,424s] GC(3) Concurrent Rebuild Remembered Sets 11,016ms
[2022-10-17T08:52:46.880+0200][3,424s] GC(3) Pause Cleanup
[2022-10-17T08:52:46.881+0200][3,424s] GC(3) Pause Cleanup 26M->26M(512M) 0,201ms
[2022-10-17T08:52:46.881+0200][3,424s] GC(3) User=0,00s Sys=0,00s Real=0,00s
[2022-10-17T08:52:46.881+0200][3,424s] GC(3) Concurrent Cleanup for Next Mark
[2022-10-17T08:52:46.882+0200][3,426s] GC(3) Concurrent Cleanup for Next Mark 1,691ms
[2022-10-17T08:52:46.882+0200][3,426s] GC(3) Concurrent Mark Cycle 38,833ms
[2022-10-17T08:52:48.838+0200][5,382s] GC(4) Pause Young (Prepare Mixed) (G1 Evacuation Pause)
[2022-10-17T08:52:48.839+0200][5,382s] GC(4) Using 8 workers of 8 for evacuation
[2022-10-17T08:52:48.848+0200][5,392s] GC(4)   Pre Evacuate Collection Set: 0,2ms
[2022-10-17T08:52:48.848+0200][5,392s] GC(4)   Merge Heap Roots: 0,1ms
[2022-10-17T08:52:48.848+0200][5,392s] GC(4)   Evacuate Collection Set: 7,5ms
[2022-10-17T08:52:48.848+0200][5,392s] GC(4)   Post Evacuate Collection Set: 1,4ms
[2022-10-17T08:52:48.848+0200][5,392s] GC(4)   Other: 0,2ms
[2022-10-17T08:52:48.848+0200][5,392s] GC(4) Eden regions: 75->0(16)
[2022-10-17T08:52:48.848+0200][5,392s] GC(4) Survivor regions: 1->9(10)
[2022-10-17T08:52:48.848+0200][5,392s] GC(4) Old regions: 19->19
[2022-10-17T08:52:48.848+0200][5,392s] GC(4) Archive regions: 2->2
[2022-10-17T08:52:48.848+0200][5,392s] GC(4) Humongous regions: 6->5
[2022-10-17T08:52:48.848+0200][5,392s] GC(4) Metaspace: 32453K(32896K)->32453K(32896K) NonClass: 28795K(29056K)->28795K(29056K) Class: 3657K(3840K)->3657K(3840K)
[2022-10-17T08:52:48.848+0200][5,392s] GC(4) Pause Young (Prepare Mixed) (G1 Evacuation Pause) 101M->33M(512M) 9,880ms
[2022-10-17T08:52:48.848+0200][5,392s] GC(4) User=0,06s Sys=0,00s Real=0,01s
[2022-10-17T08:52:49.202+0200][5,746s] GC(5) Pause Young (Mixed) (G1 Evacuation Pause)
[2022-10-17T08:52:49.202+0200][5,746s] GC(5) Using 8 workers of 8 for evacuation
[2022-10-17T08:52:49.213+0200][5,757s] GC(5)   Pre Evacuate Collection Set: 0,2ms
[2022-10-17T08:52:49.213+0200][5,757s] GC(5)   Merge Heap Roots: 0,1ms
[2022-10-17T08:52:49.213+0200][5,757s] GC(5)   Evacuate Collection Set: 8,8ms
[2022-10-17T08:52:49.213+0200][5,757s] GC(5)   Post Evacuate Collection Set: 1,4ms
[2022-10-17T08:52:49.213+0200][5,757s] GC(5)   Other: 0,2ms
[2022-10-17T08:52:49.213+0200][5,757s] GC(5) Eden regions: 16->0(304)
[2022-10-17T08:52:49.213+0200][5,757s] GC(5) Survivor regions: 9->3(4)
[2022-10-17T08:52:49.213+0200][5,757s] GC(5) Old regions: 19->27
[2022-10-17T08:52:49.213+0200][5,757s] GC(5) Archive regions: 2->2
[2022-10-17T08:52:49.213+0200][5,757s] GC(5) Humongous regions: 6->5
[2022-10-17T08:52:49.213+0200][5,757s] GC(5) Metaspace: 34238K(34688K)->34238K(34688K) NonClass: 30326K(30592K)->30326K(30592K) Class: 3911K(4096K)->3911K(4096K)
[2022-10-17T08:52:49.213+0200][5,757s] GC(5) Pause Young (Mixed) (G1 Evacuation Pause) 50M->35M(512M) 11,195ms
[2022-10-17T08:52:49.213+0200][5,757s] GC(5) User=0,05s Sys=0,01s Real=0,02s
[2022-10-17T08:52:49.648+0200][6,191s] GC(6) Pause Young (Concurrent Start) (Metadata GC Threshold)
[2022-10-17T08:52:49.648+0200][6,192s] GC(6) Using 8 workers of 8 for evacuation
[2022-10-17T08:52:49.654+0200][6,197s] GC(6)   Pre Evacuate Collection Set: 0,3ms
[2022-10-17T08:52:49.654+0200][6,197s] GC(6)   Merge Heap Roots: 0,1ms
[2022-10-17T08:52:49.654+0200][6,197s] GC(6)   Evacuate Collection Set: 3,3ms
[2022-10-17T08:52:49.654+0200][6,197s] GC(6)   Post Evacuate Collection Set: 1,7ms
[2022-10-17T08:52:49.654+0200][6,197s] GC(6)   Other: 0,3ms
[2022-10-17T08:52:49.654+0200][6,198s] GC(6) Eden regions: 112->0(303)
[2022-10-17T08:52:49.654+0200][6,198s] GC(6) Survivor regions: 3->4(39)
[2022-10-17T08:52:49.654+0200][6,198s] GC(6) Old regions: 27->27
[2022-10-17T08:52:49.654+0200][6,198s] GC(6) Archive regions: 2->2
[2022-10-17T08:52:49.654+0200][6,198s] GC(6) Humongous regions: 5->5
[2022-10-17T08:52:49.654+0200][6,198s] GC(6) Metaspace: 35699K(36160K)->35699K(36160K) NonClass: 31642K(31872K)->31642K(31872K) Class: 4057K(4288K)->4057K(4288K)
[2022-10-17T08:52:49.654+0200][6,198s] GC(6) Pause Young (Concurrent Start) (Metadata GC Threshold) 147M->35M(512M) 6,292ms
[2022-10-17T08:52:49.654+0200][6,198s] GC(7) Concurrent Mark Cycle
[2022-10-17T08:52:49.654+0200][6,198s] GC(7) Concurrent Clear Claimed Marks
[2022-10-17T08:52:49.654+0200][6,198s] GC(7) Concurrent Clear Claimed Marks 0,106ms
[2022-10-17T08:52:49.654+0200][6,198s] GC(7) Concurrent Scan Root Regions
[2022-10-17T08:52:49.654+0200][6,198s] GC(6) User=0,02s Sys=0,00s Real=0,01s
[2022-10-17T08:52:49.656+0200][6,200s] GC(7) Concurrent Scan Root Regions 2,011ms
[2022-10-17T08:52:49.657+0200][6,200s] GC(7) Concurrent Mark
[2022-10-17T08:52:49.657+0200][6,200s] GC(7) Concurrent Mark From Roots
[2022-10-17T08:52:49.657+0200][6,200s] GC(7) Using 2 workers of 2 for marking
[2022-10-17T08:52:49.692+0200][6,235s] GC(7) Concurrent Mark From Roots 35,073ms
[2022-10-17T08:52:49.692+0200][6,235s] GC(7) Concurrent Preclean
[2022-10-17T08:52:49.692+0200][6,236s] GC(7) Concurrent Preclean 0,204ms
[2022-10-17T08:52:49.692+0200][6,236s] GC(7) Pause Remark
[2022-10-17T08:52:49.697+0200][6,241s] GC(7) Pause Remark 36M->36M(512M) 4,718ms
[2022-10-17T08:52:49.697+0200][6,241s] GC(7) User=0,01s Sys=0,02s Real=0,01s
[2022-10-17T08:52:49.697+0200][6,241s] GC(7) Concurrent Mark 40,557ms
[2022-10-17T08:52:49.697+0200][6,241s] GC(7) Concurrent Rebuild Remembered Sets
[2022-10-17T08:52:49.713+0200][6,257s] GC(7) Concurrent Rebuild Remembered Sets 15,968ms
[2022-10-17T08:52:49.714+0200][6,257s] GC(7) Pause Cleanup
[2022-10-17T08:52:49.714+0200][6,257s] GC(7) Pause Cleanup 37M->37M(512M) 0,260ms
[2022-10-17T08:52:49.714+0200][6,257s] GC(7) User=0,00s Sys=0,00s Real=0,00s
[2022-10-17T08:52:49.714+0200][6,258s] GC(7) Concurrent Cleanup for Next Mark
[2022-10-17T08:52:49.716+0200][6,260s] GC(7) Concurrent Cleanup for Next Mark 2,095ms
[2022-10-17T08:52:49.716+0200][6,260s] GC(7) Concurrent Mark Cycle 62,013ms
[2022-10-17T14:15:43.475+0200][14686,829s] GC(8) Pause Young (Normal) (G1 Evacuation Pause)
[2022-10-17T14:15:43.479+0200][14686,833s] GC(8) Using 8 workers of 8 for evacuation
[2022-10-17T14:15:43.497+0200][14686,851s] GC(8)   Pre Evacuate Collection Set: 0,2ms
[2022-10-17T14:15:43.497+0200][14686,851s] GC(8)   Merge Heap Roots: 0,2ms
[2022-10-17T14:15:43.497+0200][14686,851s] GC(8)   Evacuate Collection Set: 14,4ms
[2022-10-17T14:15:43.497+0200][14686,851s] GC(8)   Post Evacuate Collection Set: 2,8ms
[2022-10-17T14:15:43.497+0200][14686,851s] GC(8)   Other: 1,1ms
[2022-10-17T14:15:43.497+0200][14686,851s] GC(8) Eden regions: 303->0(289)
[2022-10-17T14:15:43.497+0200][14686,851s] GC(8) Survivor regions: 4->18(39)
[2022-10-17T14:15:43.497+0200][14686,851s] GC(8) Old regions: 27->27
[2022-10-17T14:15:43.497+0200][14686,851s] GC(8) Archive regions: 2->2
[2022-10-17T14:15:43.497+0200][14686,851s] GC(8) Humongous regions: 8->8
[2022-10-17T14:15:43.497+0200][14686,851s] GC(8) Metaspace: 48753K(49280K)->48753K(49280K) NonClass: 43131K(43392K)->43131K(43392K) Class: 5621K(5888K)->5621K(5888K)
[2022-10-17T14:15:43.497+0200][14686,851s] GC(8) Pause Young (Normal) (G1 Evacuation Pause) 341M->53M(512M) 21,888ms
[2022-10-17T14:15:43.497+0200][14686,851s] GC(8) User=0,11s Sys=0,01s Real=0,02s
[2022-10-19T13:31:29.888+0200][41925,848s] GC(9) Pause Young (Normal) (G1 Evacuation Pause)
[2022-10-19T13:31:29.890+0200][41925,851s] GC(9) Using 8 workers of 8 for evacuation
[2022-10-19T13:31:29.932+0200][41925,893s] GC(9)   Pre Evacuate Collection Set: 0,2ms
[2022-10-19T13:31:29.932+0200][41925,893s] GC(9)   Merge Heap Roots: 1,1ms
[2022-10-19T13:31:29.932+0200][41925,893s] GC(9)   Evacuate Collection Set: 36,2ms
[2022-10-19T13:31:29.932+0200][41925,893s] GC(9)   Post Evacuate Collection Set: 3,2ms
[2022-10-19T13:31:29.932+0200][41925,893s] GC(9)   Other: 2,9ms
[2022-10-19T13:31:29.932+0200][41925,893s] GC(9) Eden regions: 289->0(290)
[2022-10-19T13:31:29.932+0200][41925,893s] GC(9) Survivor regions: 18->17(39)
[2022-10-19T13:31:29.932+0200][41925,893s] GC(9) Old regions: 27->27
[2022-10-19T13:31:29.932+0200][41925,893s] GC(9) Archive regions: 2->2
[2022-10-19T13:31:29.932+0200][41925,893s] GC(9) Humongous regions: 8->8
[2022-10-19T13:31:29.932+0200][41925,893s] GC(9) Metaspace: 49099K(49664K)->49099K(49664K) NonClass: 43477K(43776K)->43477K(43776K) Class: 5621K(5888K)->5621K(5888K)
[2022-10-19T13:31:29.933+0200][41925,893s] GC(9) Pause Young (Normal) (G1 Evacuation Pause) 342M->52M(512M) 45,344ms
[2022-10-19T13:31:29.933+0200][41925,893s] GC(9) User=0,02s Sys=0,12s Real=0,05s
[2022-10-20T08:07:30.501+0200][58188,433s] Heap
[2022-10-20T08:07:30.502+0200][58188,433s]  garbage-first heap   total 524288K, used 233547K [0x00000000e0000000, 0x0000000100000000)
[2022-10-20T08:07:30.502+0200][58188,433s]   region size 1024K, 194 young (198656K), 17 survivors (17408K)
[2022-10-20T08:07:30.502+0200][58188,434s]  Metaspace       used 49381K, committed 49920K, reserved 1114112K
[2022-10-20T08:07:30.502+0200][58188,434s]   class space    used 5663K, committed 5888K, reserved 1048576K
