[2022-11-01T20:04:47.569+0100][0.015s] CardTable entry size: 512
[2022-11-01T20:04:47.569+0100][0.015s] Using G1
[2022-11-01T20:04:47.750+0100][0.196s] Version: 18+36-2087 (release)
[2022-11-01T20:04:47.750+0100][0.196s] CPUs: 8 total, 8 available
[2022-11-01T20:04:47.750+0100][0.196s] Memory: 13915M
[2022-11-01T20:04:47.750+0100][0.196s] Large Page Support: Disabled
[2022-11-01T20:04:47.750+0100][0.196s] NUMA Support: Disabled
[2022-11-01T20:04:47.750+0100][0.196s] Compressed Oops: Enabled (32-bit)
[2022-11-01T20:04:47.751+0100][0.196s] Heap Region Size: 1M
[2022-11-01T20:04:47.751+0100][0.196s] Heap Min Capacity: 512M
[2022-11-01T20:04:47.751+0100][0.196s] Heap Initial Capacity: 512M
[2022-11-01T20:04:47.751+0100][0.197s] Heap Max Capacity: 512M
[2022-11-01T20:04:47.751+0100][0.197s] Pre-touch: Enabled
[2022-11-01T20:04:47.751+0100][0.197s] Parallel Workers: 8
[2022-11-01T20:04:47.751+0100][0.197s] Concurrent Workers: 2
[2022-11-01T20:04:47.751+0100][0.197s] Concurrent Refinement Workers: 8
[2022-11-01T20:04:47.751+0100][0.197s] Periodic GC: Disabled
[2022-11-01T20:04:47.751+0100][0.197s] CDS archive(s) mapped at: [0x0000000800000000-0x0000000800bae000-0x0000000800bae000), size 12247040, SharedBaseAddress: 0x0000000800000000, ArchiveRelocationMode: 0.
[2022-11-01T20:04:47.751+0100][0.197s] Compressed class space mapped at: 0x0000000800c00000-0x0000000840c00000, reserved size: 1073741824
[2022-11-01T20:04:47.751+0100][0.197s] Narrow klass base: 0x0000000800000000, Narrow klass shift: 0, Narrow klass range: 0x100000000
[2022-11-01T20:04:48.694+0100][1,140s] GC(0) Pause Young (Normal) (G1 Evacuation Pause)
[2022-11-01T20:04:48.694+0100][1,140s] GC(0) Using 8 workers of 8 for evacuation
[2022-11-01T20:04:48.698+0100][1,144s] GC(0)   Pre Evacuate Collection Set: 0,1ms
[2022-11-01T20:04:48.698+0100][1,144s] GC(0)   Merge Heap Roots: 0,0ms
[2022-11-01T20:04:48.698+0100][1,144s] GC(0)   Evacuate Collection Set: 3,2ms
[2022-11-01T20:04:48.698+0100][1,144s] GC(0)   Post Evacuate Collection Set: 0,4ms
[2022-11-01T20:04:48.698+0100][1,144s] GC(0)   Other: 0,1ms
[2022-11-01T20:04:48.698+0100][1,144s] GC(0) Eden regions: 29->0(67)
[2022-11-01T20:04:48.698+0100][1,144s] GC(0) Survivor regions: 0->4(4)
[2022-11-01T20:04:48.698+0100][1,144s] GC(0) Old regions: 0->1
[2022-11-01T20:04:48.698+0100][1,144s] GC(0) Archive regions: 2->2
[2022-11-01T20:04:48.698+0100][1,144s] GC(0) Humongous regions: 4->4
[2022-11-01T20:04:48.698+0100][1,144s] GC(0) Metaspace: 9680K(9984K)->9680K(9984K) NonClass: 8560K(8704K)->8560K(8704K) Class: 1119K(1280K)->1119K(1280K)
[2022-11-01T20:04:48.698+0100][1,144s] GC(0) Pause Young (Normal) (G1 Evacuation Pause) 33M->9M(512M) 4,662ms
[2022-11-01T20:04:48.698+0100][1,144s] GC(0) User=0,03s Sys=0,00s Real=0,01s
[2022-11-01T20:04:49.632+0100][2,078s] GC(1) Pause Young (Normal) (G1 Evacuation Pause)
[2022-11-01T20:04:49.632+0100][2,078s] GC(1) Using 8 workers of 8 for evacuation
[2022-11-01T20:04:49.640+0100][2,086s] GC(1)   Pre Evacuate Collection Set: 0,1ms
[2022-11-01T20:04:49.640+0100][2,086s] GC(1)   Merge Heap Roots: 0,1ms
[2022-11-01T20:04:49.640+0100][2,086s] GC(1)   Evacuate Collection Set: 6,6ms
[2022-11-01T20:04:49.640+0100][2,086s] GC(1)   Post Evacuate Collection Set: 0,8ms
[2022-11-01T20:04:49.640+0100][2,086s] GC(1)   Other: 0,1ms
[2022-11-01T20:04:49.640+0100][2,086s] GC(1) Eden regions: 58->0(66)
[2022-11-01T20:04:49.640+0100][2,086s] GC(1) Survivor regions: 4->8(8)
[2022-11-01T20:04:49.640+0100][2,086s] GC(1) Old regions: 1->11
[2022-11-01T20:04:49.640+0100][2,086s] GC(1) Archive regions: 2->2
[2022-11-01T20:04:49.640+0100][2,086s] GC(1) Humongous regions: 4->4
[2022-11-01T20:04:49.640+0100][2,086s] GC(1) Metaspace: 18567K(18944K)->18567K(18944K) NonClass: 16442K(16640K)->16442K(16640K) Class: 2125K(2304K)->2125K(2304K)
[2022-11-01T20:04:49.640+0100][2,086s] GC(1) Pause Young (Normal) (G1 Evacuation Pause) 67M->23M(512M) 7,838ms
[2022-11-01T20:04:49.640+0100][2,086s] GC(1) User=0,05s Sys=0,00s Real=0,01s
[2022-11-01T20:04:49.779+0100][2,225s] GC(2) Pause Young (Concurrent Start) (Metadata GC Threshold)
[2022-11-01T20:04:49.779+0100][2,225s] GC(2) Using 8 workers of 8 for evacuation
[2022-11-01T20:04:49.786+0100][2,232s] GC(2)   Pre Evacuate Collection Set: 0,1ms
[2022-11-01T20:04:49.786+0100][2,232s] GC(2)   Merge Heap Roots: 0,1ms
[2022-11-01T20:04:49.786+0100][2,232s] GC(2)   Evacuate Collection Set: 3,5ms
[2022-11-01T20:04:49.786+0100][2,232s] GC(2)   Post Evacuate Collection Set: 2,8ms
[2022-11-01T20:04:49.786+0100][2,232s] GC(2)   Other: 0,1ms
[2022-11-01T20:04:49.786+0100][2,232s] GC(2) Eden regions: 13->0(77)
[2022-11-01T20:04:49.786+0100][2,232s] GC(2) Survivor regions: 8->1(10)
[2022-11-01T20:04:49.786+0100][2,232s] GC(2) Old regions: 11->20
[2022-11-01T20:04:49.786+0100][2,232s] GC(2) Archive regions: 2->2
[2022-11-01T20:04:49.786+0100][2,232s] GC(2) Humongous regions: 4->4
[2022-11-01T20:04:49.786+0100][2,232s] GC(2) Metaspace: 21120K(21504K)->21120K(21504K) NonClass: 18779K(19008K)->18779K(19008K) Class: 2341K(2496K)->2341K(2496K)
[2022-11-01T20:04:49.786+0100][2,232s] GC(2) Pause Young (Concurrent Start) (Metadata GC Threshold) 36M->24M(512M) 6,948ms
[2022-11-01T20:04:49.786+0100][2,232s] GC(2) User=0,02s Sys=0,01s Real=0,01s
[2022-11-01T20:04:49.786+0100][2,232s] GC(3) Concurrent Mark Cycle
[2022-11-01T20:04:49.786+0100][2,232s] GC(3) Concurrent Clear Claimed Marks
[2022-11-01T20:04:49.786+0100][2,232s] GC(3) Concurrent Clear Claimed Marks 0,065ms
[2022-11-01T20:04:49.786+0100][2,232s] GC(3) Concurrent Scan Root Regions
[2022-11-01T20:04:49.791+0100][2,237s] GC(3) Concurrent Scan Root Regions 4,524ms
[2022-11-01T20:04:49.791+0100][2,237s] GC(3) Concurrent Mark
[2022-11-01T20:04:49.791+0100][2,237s] GC(3) Concurrent Mark From Roots
[2022-11-01T20:04:49.791+0100][2,237s] GC(3) Using 2 workers of 2 for marking
[2022-11-01T20:04:49.809+0100][2,255s] GC(3) Concurrent Mark From Roots 17,958ms
[2022-11-01T20:04:49.809+0100][2,255s] GC(3) Concurrent Preclean
[2022-11-01T20:04:49.809+0100][2,255s] GC(3) Concurrent Preclean 0,091ms
[2022-11-01T20:04:49.809+0100][2,255s] GC(3) Pause Remark
[2022-11-01T20:04:49.812+0100][2,258s] GC(3) Pause Remark 25M->25M(512M) 2,663ms
[2022-11-01T20:04:49.812+0100][2,258s] GC(3) User=0,01s Sys=0,00s Real=0,00s
[2022-11-01T20:04:49.812+0100][2,258s] GC(3) Concurrent Mark 21,130ms
[2022-11-01T20:04:49.812+0100][2,258s] GC(3) Concurrent Rebuild Remembered Sets
[2022-11-01T20:04:49.831+0100][2,277s] GC(3) Concurrent Rebuild Remembered Sets 18,941ms
[2022-11-01T20:04:49.832+0100][2,278s] GC(3) Pause Cleanup
[2022-11-01T20:04:49.832+0100][2,278s] GC(3) Pause Cleanup 25M->25M(512M) 0,134ms
[2022-11-01T20:04:49.832+0100][2,278s] GC(3) User=0,00s Sys=0,00s Real=0,00s
[2022-11-01T20:04:49.832+0100][2,278s] GC(3) Concurrent Cleanup for Next Mark
[2022-11-01T20:04:49.833+0100][2,279s] GC(3) Concurrent Cleanup for Next Mark 1,443ms
[2022-11-01T20:04:49.833+0100][2,279s] GC(3) Concurrent Mark Cycle 47,454ms
[2022-11-01T20:04:51.190+0100][3,636s] GC(4) Pause Young (Prepare Mixed) (G1 Evacuation Pause)
[2022-11-01T20:04:51.190+0100][3,636s] GC(4) Using 8 workers of 8 for evacuation
[2022-11-01T20:04:51.195+0100][3,641s] GC(4)   Pre Evacuate Collection Set: 0,1ms
[2022-11-01T20:04:51.196+0100][3,641s] GC(4)   Merge Heap Roots: 0,1ms
[2022-11-01T20:04:51.196+0100][3,641s] GC(4)   Evacuate Collection Set: 4,2ms
[2022-11-01T20:04:51.196+0100][3,641s] GC(4)   Post Evacuate Collection Set: 0,7ms
[2022-11-01T20:04:51.196+0100][3,642s] GC(4)   Other: 0,1ms
[2022-11-01T20:04:51.196+0100][3,642s] GC(4) Eden regions: 77->0(18)
[2022-11-01T20:04:51.196+0100][3,642s] GC(4) Survivor regions: 1->7(10)
[2022-11-01T20:04:51.196+0100][3,642s] GC(4) Old regions: 20->20
[2022-11-01T20:04:51.196+0100][3,642s] GC(4) Archive regions: 2->2
[2022-11-01T20:04:51.196+0100][3,642s] GC(4) Humongous regions: 6->5
[2022-11-01T20:04:51.196+0100][3,642s] GC(4) Metaspace: 32425K(32832K)->32425K(32832K) NonClass: 28768K(28992K)->28768K(28992K) Class: 3656K(3840K)->3656K(3840K)
[2022-11-01T20:04:51.196+0100][3,642s] GC(4) Pause Young (Prepare Mixed) (G1 Evacuation Pause) 103M->31M(512M) 5,379ms
[2022-11-01T20:04:51.196+0100][3,642s] GC(4) User=0,03s Sys=0,00s Real=0,01s
[2022-11-01T20:04:51.390+0100][3,836s] GC(5) Pause Young (Mixed) (G1 Evacuation Pause)
[2022-11-01T20:04:51.390+0100][3,836s] GC(5) Using 8 workers of 8 for evacuation
[2022-11-01T20:04:51.396+0100][3,842s] GC(5)   Pre Evacuate Collection Set: 0,1ms
[2022-11-01T20:04:51.396+0100][3,842s] GC(5)   Merge Heap Roots: 0,1ms
[2022-11-01T20:04:51.396+0100][3,842s] GC(5)   Evacuate Collection Set: 5,0ms
[2022-11-01T20:04:51.396+0100][3,842s] GC(5)   Post Evacuate Collection Set: 0,6ms
[2022-11-01T20:04:51.396+0100][3,842s] GC(5)   Other: 0,1ms
[2022-11-01T20:04:51.396+0100][3,842s] GC(5) Eden regions: 18->0(303)
[2022-11-01T20:04:51.396+0100][3,842s] GC(5) Survivor regions: 7->4(4)
[2022-11-01T20:04:51.396+0100][3,842s] GC(5) Old regions: 20->26
[2022-11-01T20:04:51.396+0100][3,842s] GC(5) Archive regions: 2->2
[2022-11-01T20:04:51.396+0100][3,842s] GC(5) Humongous regions: 6->5
[2022-11-01T20:04:51.396+0100][3,842s] GC(5) Metaspace: 34018K(34432K)->34018K(34432K) NonClass: 30130K(30336K)->30130K(30336K) Class: 3888K(4096K)->3888K(4096K)
[2022-11-01T20:04:51.396+0100][3,842s] GC(5) Pause Young (Mixed) (G1 Evacuation Pause) 50M->35M(512M) 6,071ms
[2022-11-01T20:04:51.396+0100][3,842s] GC(5) User=0,03s Sys=0,00s Real=0,01s
[2022-11-01T20:04:51.663+0100][4,109s] GC(6) Pause Young (Concurrent Start) (Metadata GC Threshold)
[2022-11-01T20:04:51.663+0100][4,109s] GC(6) Using 8 workers of 8 for evacuation
[2022-11-01T20:04:51.666+0100][4,112s] GC(6)   Pre Evacuate Collection Set: 0,1ms
[2022-11-01T20:04:51.666+0100][4,112s] GC(6)   Merge Heap Roots: 0,0ms
[2022-11-01T20:04:51.666+0100][4,112s] GC(6)   Evacuate Collection Set: 1,8ms
[2022-11-01T20:04:51.666+0100][4,112s] GC(6)   Post Evacuate Collection Set: 0,4ms
[2022-11-01T20:04:51.666+0100][4,112s] GC(6)   Other: 0,1ms
[2022-11-01T20:04:51.666+0100][4,112s] GC(6) Eden regions: 117->0(301)
[2022-11-01T20:04:51.666+0100][4,112s] GC(6) Survivor regions: 4->6(39)
[2022-11-01T20:04:51.666+0100][4,112s] GC(6) Old regions: 26->26
[2022-11-01T20:04:51.666+0100][4,112s] GC(6) Archive regions: 2->2
[2022-11-01T20:04:51.666+0100][4,112s] GC(6) Humongous regions: 5->5
[2022-11-01T20:04:51.666+0100][4,112s] GC(6) Metaspace: 35594K(35968K)->35594K(35968K) NonClass: 31545K(31744K)->31545K(31744K) Class: 4049K(4224K)->4049K(4224K)
[2022-11-01T20:04:51.666+0100][4,112s] GC(6) Pause Young (Concurrent Start) (Metadata GC Threshold) 151M->36M(512M) 2,698ms
[2022-11-01T20:04:51.666+0100][4,112s] GC(7) Concurrent Mark Cycle
[2022-11-01T20:04:51.666+0100][4,112s] GC(6) User=0,01s Sys=0,01s Real=0,00s
[2022-11-01T20:04:51.666+0100][4,112s] GC(7) Concurrent Clear Claimed Marks
[2022-11-01T20:04:51.666+0100][4,112s] GC(7) Concurrent Clear Claimed Marks 0,059ms
[2022-11-01T20:04:51.666+0100][4,112s] GC(7) Concurrent Scan Root Regions
[2022-11-01T20:04:51.667+0100][4,113s] GC(7) Concurrent Scan Root Regions 1,091ms
[2022-11-01T20:04:51.667+0100][4,113s] GC(7) Concurrent Mark
[2022-11-01T20:04:51.667+0100][4,113s] GC(7) Concurrent Mark From Roots
[2022-11-01T20:04:51.667+0100][4,113s] GC(7) Using 2 workers of 2 for marking
[2022-11-01T20:04:51.690+0100][4,136s] GC(7) Concurrent Mark From Roots 22,756ms
[2022-11-01T20:04:51.690+0100][4,136s] GC(7) Concurrent Preclean
[2022-11-01T20:04:51.690+0100][4,136s] GC(7) Concurrent Preclean 0,111ms
[2022-11-01T20:04:51.690+0100][4,136s] GC(7) Pause Remark
[2022-11-01T20:04:51.693+0100][4,139s] GC(7) Pause Remark 38M->38M(512M) 2,488ms
[2022-11-01T20:04:51.693+0100][4,139s] GC(7) User=0,01s Sys=0,00s Real=0,00s
[2022-11-01T20:04:51.693+0100][4,139s] GC(7) Concurrent Mark 25,656ms
[2022-11-01T20:04:51.693+0100][4,139s] GC(7) Concurrent Rebuild Remembered Sets
[2022-11-01T20:04:51.705+0100][4,151s] GC(7) Concurrent Rebuild Remembered Sets 12,323ms
[2022-11-01T20:04:51.706+0100][4,152s] GC(7) Pause Cleanup
[2022-11-01T20:04:51.706+0100][4,152s] GC(7) Pause Cleanup 38M->38M(512M) 0,147ms
[2022-11-01T20:04:51.706+0100][4,152s] GC(7) User=0,00s Sys=0,00s Real=0,00s
[2022-11-01T20:04:51.706+0100][4,152s] GC(7) Concurrent Cleanup for Next Mark
[2022-11-01T20:04:51.707+0100][4,153s] GC(7) Concurrent Cleanup for Next Mark 0,727ms
[2022-11-01T20:04:51.707+0100][4,153s] GC(7) Concurrent Mark Cycle 40,538ms
[2022-11-02T14:58:21.520+0100][11516,810s] Heap
[2022-11-02T14:58:21.521+0100][11516,811s]  garbage-first heap   total 524288K, used 324955K [0x00000000e0000000, 0x0000000100000000)
[2022-11-02T14:58:21.521+0100][11516,811s]   region size 1024K, 284 young (290816K), 6 survivors (6144K)
[2022-11-02T14:58:21.521+0100][11516,811s]  Metaspace       used 49107K, committed 49600K, reserved 1114112K
[2022-11-02T14:58:21.521+0100][11516,811s]   class space    used 5686K, committed 5888K, reserved 1048576K
